Component: ARM Compiler 5.06 update 6 (build 750) Tool: armlink [4d35ed]

==============================================================================

Section Cross References

    system_stm32f10x.o(.text) refers to system_stm32f10x.o(.data) for SystemCoreClock
    startup_stm32f10x_md.o(RESET) refers to startup_stm32f10x_md.o(STACK) for __initial_sp
    startup_stm32f10x_md.o(RESET) refers to startup_stm32f10x_md.o(.text) for Reset_Handler
    startup_stm32f10x_md.o(RESET) refers to stm32f10x_it.o(.text) for SysTick_Handler
    startup_stm32f10x_md.o(RESET) refers to can.o(.text) for USB_LP_CAN1_RX0_IRQHandler
    startup_stm32f10x_md.o(RESET) refers to tim1_isr_mcloop.o(.text) for TIM1_UP_IRQHandler
    startup_stm32f10x_md.o(RESET) refers to usart_rs232.o(.text) for USART3_IRQHandler
    startup_stm32f10x_md.o(.text) refers to system_stm32f10x.o(.text) for SystemInit
    startup_stm32f10x_md.o(.text) refers to entry.o(.ARM.Collect$$$$00000000) for __main
    stm32f10x_adc.o(.text) refers to stm32f10x_rcc.o(.text) for RCC_APB2PeriphResetCmd
    stm32f10x_bkp.o(.text) refers to stm32f10x_rcc.o(.text) for RCC_BackupResetCmd
    stm32f10x_can.o(.text) refers to stm32f10x_rcc.o(.text) for RCC_APB1PeriphResetCmd
    stm32f10x_cec.o(.text) refers to stm32f10x_rcc.o(.text) for RCC_APB1PeriphResetCmd
    stm32f10x_dac.o(.text) refers to stm32f10x_rcc.o(.text) for RCC_APB1PeriphResetCmd
    stm32f10x_gpio.o(.text) refers to stm32f10x_rcc.o(.text) for RCC_APB2PeriphResetCmd
    stm32f10x_i2c.o(.text) refers to stm32f10x_rcc.o(.text) for RCC_APB1PeriphResetCmd
    stm32f10x_pwr.o(.text) refers to stm32f10x_rcc.o(.text) for RCC_APB1PeriphResetCmd
    stm32f10x_rcc.o(.text) refers to stm32f10x_rcc.o(.data) for APBAHBPrescTable
    stm32f10x_spi.o(.text) refers to stm32f10x_rcc.o(.text) for RCC_APB2PeriphResetCmd
    stm32f10x_tim.o(.text) refers to stm32f10x_rcc.o(.text) for RCC_APB2PeriphResetCmd
    stm32f10x_usart.o(.text) refers to stm32f10x_rcc.o(.text) for RCC_APB2PeriphResetCmd
    stm32f10x_wwdg.o(.text) refers to stm32f10x_rcc.o(.text) for RCC_APB1PeriphResetCmd
    main.o(.text) refers to stm32f10x_usart.o(.text) for USART_SendData
    main.o(.text) refers to gpio_int.o(.text) for Delay
    main.o(.text) refers to timer.o(.text) for SysTickConfig
    main.o(.text) refers to threehall.o(.text) for ThreeHallPara_init
    main.o(.text) refers to usart_rs232.o(.text) for Usart3_RS232_init
    main.o(.text) refers to can.o(.text) for CAN_Config
    main.o(.text) refers to adc_int.o(.text) for DMA_Configuration
    main.o(.text) refers to tim1_pwm.o(.text) for Tim1_PWM_Init
    main.o(.text) refers to tim4_encoder_pwmdac.o(.text) for TIM4PWMDAC_Config
    main.o(.text) refers to pi_cale.o(.text) for PI_Pare_init
    main.o(.text) refers to main.o(.bss) for logicContr
    main.o(.text) refers to main.o(.data) for USART_RX_STA
    stm32f10x_it.o(.text) refers to tim1_pwm.o(.text) for Stop_Motor
    stm32f10x_it.o(.text) refers to stm32f10x_tim.o(.text) for TIM_ClearITPendingBit
    stm32f10x_it.o(.text) refers to main.o(.bss) for TaskTimePare
    adc_int.o(.text) refers to stm32f10x_rcc.o(.text) for RCC_APB2PeriphClockCmd
    adc_int.o(.text) refers to stm32f10x_adc.o(.text) for ADC_DeInit
    adc_int.o(.text) refers to stm32f10x_dma.o(.text) for DMA_DeInit
    adc_int.o(.text) refers to tim1_pwm.o(.text) for Stop_Motor
    adc_int.o(.text) refers to adc_int.o(.bss) for ADC_ConvertedValue
    adc_int.o(.text) refers to adc_int.o(.data) for i
    adc_int.o(.text) refers to main.o(.bss) for logicContr
    adc_int.o(.text) refers to main.o(.data) for ADCSampPare
    can.o(.text) refers to misc.o(.text) for NVIC_Init
    can.o(.text) refers to stm32f10x_rcc.o(.text) for RCC_APB1PeriphClockCmd
    can.o(.text) refers to stm32f10x_can.o(.text) for CAN_DeInit
    can.o(.text) refers to main.o(.data) for CANSRPare
    can.o(.text) refers to can.o(.bss) for TxMessage
    can.o(.text) refers to main.o(.bss) for TaskTimePare
    gpio_int.o(.text) refers to stm32f10x_rcc.o(.text) for RCC_APB2PeriphClockCmd
    gpio_int.o(.text) refers to stm32f10x_gpio.o(.text) for GPIO_Init
    iq_math.o(.text) refers to iq_math.o(.constdata) for IQSin_Cos_Table
    pi_cale.o(.text) refers to iq_math.o(.text) for IQsat
    pi_cale.o(.text) refers to main.o(.data) for pi_spd
    task_function.o(.text) refers to tim1_pwm.o(.text) for Stop_Motor
    task_function.o(.text) refers to main.o(.bss) for logicContr
    task_function.o(.text) refers to main.o(.data) for ADCSampPare
    threehall.o(.text) refers to stm32f10x_gpio.o(.text) for GPIO_ReadInputDataBit
    threehall.o(.text) refers to tim1_pwm.o(.text) for MOS_Q63PWM
    threehall.o(.text) refers to main.o(.data) for Hall_Three
    threehall.o(.text) refers to main.o(.bss) for logicContr
    threehall.o(.text) refers to threehall.o(.data) for HallK2
[...]
    printf2.o(i.__0vsprintf$2) refers to printf2.o(i._printf_core) for _printf_core
    printf2.o(i.__0vsprintf$2) refers to printf2.o(i._sputc) for _sputc
    printf3.o(i.__0fprintf$3) refers to printf3.o(i._printf_core) for _printf_core
    printf3.o(i.__0fprintf$3) refers to main.o(.text) for fputc
    printf3.o(i.__0printf$3) refers to printf3.o(i._printf_core) for _printf_core
    printf3.o(i.__0printf$3) refers to main.o(.text) for fputc
    printf3.o(i.__0printf$3) refers to stdout.o(.data) for __stdout
    printf3.o(i.__0snprintf$3) refers to printf3.o(i._printf_core) for _printf_core
    printf3.o(i.__0snprintf$3) refers to printf3.o(i._snputc) for _snputc
    printf3.o(i.__0sprintf$3) refers to printf3.o(i._printf_core) for _printf_core
    printf3.o(i.__0sprintf$3) refers to printf3.o(i._sputc) for _sputc
    printf3.o(i.__0vfprintf$3) refers to printf3.o(i._printf_core) for _printf_core
    printf3.o(i.__0vfprintf$3) refers to main.o(.text) for fputc
    printf3.o(i.__0vprintf$3) refers to printf3.o(i._printf_core) for _printf_core
    printf3.o(i.__0vprintf$3) refers to main.o(.text) for fputc
    printf3.o(i.__0vprintf$3) refers to stdout.o(.data) for __stdout
    printf3.o(i.__0vsnprintf$3) refers to printf3.o(i._printf_core) for _printf_core
    printf3.o(i.__0vsnprintf$3) refers to printf3.o(i._snputc) for _snputc
    printf3.o(i.__0vsprintf$3) refers to printf3.o(i._printf_core) for _printf_core
    printf3.o(i.__0vsprintf$3) refers to printf3.o(i._sputc) for _sputc
    printf3.o(i._printf_core) refers to uidiv.o(.text) for __aeabi_uidivmod
    printf4.o(i.__0fprintf$4) refers to printf4.o(i._printf_core) for _printf_core
    printf4.o(i.__0fprintf$4) refers to main.o(.text) for fputc
    printf4.o(i.__0printf$4) refers to printf4.o(i._printf_core) for _printf_core
    printf4.o(i.__0printf$4) refers to main.o(.text) for fputc
    printf4.o(i.__0printf$4) refers to stdout.o(.data) for __stdout
    printf4.o(i.__0snprintf$4) refers to printf4.o(i._printf_core) for _printf_core
    printf4.o(i.__0snprintf$4) refers to printf4.o(i._snputc) for _snputc
    printf4.o(i.__0sprintf$4) refers to printf4.o(i._printf_core) for _printf_core
    printf4.o(i.__0sprintf$4) refers to printf4.o(i._sputc) for _sputc
    printf4.o(i.__0vfprintf$4) refers to printf4.o(i._printf_core) for _printf_core
    printf4.o(i.__0vfprintf$4) refers to main.o(.text) for fputc
    printf4.o(i.__0vprintf$4) refers to printf4.o(i._printf_core) for _printf_core
    printf4.o(i.__0vprintf$4) refers to main.o(.text) for fputc
    printf4.o(i.__0vprintf$4) refers to stdout.o(.data) for __stdout
    printf4.o(i.__0vsnprintf$4) refers to printf4.o(i._printf_core) for _printf_core
    printf4.o(i.__0vsnprintf$4) refers to printf4.o(i._snputc) for _snputc
    printf4.o(i.__0vsprintf$4) refers to printf4.o(i._printf_core) for _printf_core
    printf4.o(i.__0vsprintf$4) refers to printf4.o(i._sputc) for _sputc
    printf4.o(i._printf_core) refers to uldiv.o(.text) for __aeabi_uldivmod
    printf5.o(i.__0fprintf$5) refers to printf5.o(i._printf_core) for _printf_core
    printf5.o(i.__0fprintf$5) refers to main.o(.text) for fputc
    printf5.o(i.__0printf$5) refers to printf5.o(i._printf_core) for _printf_core
    printf5.o(i.__0printf$5) refers to main.o(.text) for fputc
    printf5.o(i.__0printf$5) refers to stdout.o(.data) for __stdout
    printf5.o(i.__0snprintf$5) refers to printf5.o(i._printf_core) for _printf_core
    printf5.o(i.__0snprintf$5) refers to printf5.o(i._snputc) for _snputc
    printf5.o(i.__0sprintf$5) refers to printf5.o(i._printf_core) for _printf_core
    printf5.o(i.__0sprintf$5) refers to printf5.o(i._sputc) for _sputc
    printf5.o(i.__0vfprintf$5) refers to printf5.o(i._printf_core) for _printf_core
    printf5.o(i.__0vfprintf$5) refers to main.o(.text) for fputc
    printf5.o(i.__0vprintf$5) refers to printf5.o(i._printf_core) for _printf_core
    printf5.o(i.__0vprintf$5) refers to main.o(.text) for fputc
    printf5.o(i.__0vprintf$5) refers to stdout.o(.data) for __stdout
    printf5.o(i.__0vsnprintf$5) refers to printf5.o(i._printf_core) for _printf_core
    printf5.o(i.__0vsnprintf$5) refers to printf5.o(i._snputc) for _snputc
    printf5.o(i.__0vsprintf$5) refers to printf5.o(i._printf_core) for _printf_core
    printf5.o(i.__0vsprintf$5) refers to printf5.o(i._sputc) for _sputc
    printf5.o(i._printf_core) refers to uldiv.o(.text) for __aeabi_uldivmod
    printf6.o(i.__0fprintf$6) refers to printf6.o(i._printf_core) for _printf_core
    printf6.o(i.__0fprintf$6) refers to main.o(.text) for fputc
    printf6.o(i.__0printf$6) refers to printf6.o(i._printf_core) for _printf_core
    printf6.o(i.__0printf$6) refers to main.o(.text) for fputc
    printf6.o(i.__0printf$6) refers to stdout.o(.data) for __stdout
    printf6.o(i.__0snprintf$6) refers to printf6.o(i._printf_core) for _printf_core
    printf6.o(i.__0snprintf$6) refers to printf6.o(i._snputc) for _snputc
    printf6.o(i.__0sprintf$6) refers to printf6.o(i._printf_core) for _printf_core
    printf6.o(i.__0sprintf$6) refers to printf6.o(i._sputc) for _sputc
    printf6.o(i.__0vfprintf$6) refers to printf6.o(i._printf_core) for _printf_core
    printf6.o(i.__0vfprintf$6) refers to main.o(.text) for fputc
    printf6.o(i.__0vprintf$6) refers to printf6.o(i._printf_core) for _printf_core
    printf6.o(i.__0vprintf$6) refers to main.o(.text) for fputc
    printf6.o(i.__0vprintf$6) refers to stdout.o(.data) for __stdout
    printf6.o(i.__0vsnprintf$6) refers to printf6.o(i._printf_core) for _printf_core
    printf6.o(i.__0vsnprintf$6) refers to printf6.o(i._snputc) for _snputc
    printf6.o(i.__0vsprintf$6) refers to printf6.o(i._printf_core) for _printf_core
    printf6.o(i.__0vsprintf$6) refers to printf6.o(i._sputc) for _sputc
    printf6.o(i._printf_core) refers to printf6.o(i._printf_pre_padding) for _printf_pre_padding
    printf6.o(i._printf_core) refers to uidiv.o(.text) for __aeabi_uidivmod
    printf6.o(i._printf_core) refers to printf6.o(i._printf_post_padding) for _printf_post_padding
    printf7.o(i.__0fprintf$7) refers to printf7.o(i._printf_core) for _printf_core
    printf7.o(i.__0fprintf$7) refers to main.o(.text) for fputc
    printf7.o(i.__0printf$7) refers to printf7.o(i._printf_core) for _printf_core
    printf7.o(i.__0printf$7) refers to main.o(.text) for fputc
    printf7.o(i.__0printf$7) refers to stdout.o(.data) for __stdout
    printf7.o(i.__0snprintf$7) refers to printf7.o(i._printf_core) for _printf_core
    printf7.o(i.__0snprintf$7) refers to printf7.o(i._snputc) for _snputc
    printf7.o(i.__0sprintf$7) refers to printf7.o(i._printf_core) for _printf_core
    printf7.o(i.__0sprintf$7) refers to printf7.o(i._sputc) for _sputc
    printf7.o(i.__0vfprintf$7) refers to printf7.o(i._printf_core) for _printf_core
    printf7.o(i.__0vfprintf$7) refers to main.o(.text) for fputc
    printf7.o(i.__0vprintf$7) refers to printf7.o(i._printf_core) for _printf_core
    printf7.o(i.__0vprintf$7) refers to main.o(.text) for fputc
    printf7.o(i.__0vprintf$7) refers to stdout.o(.data) for __stdout
    printf7.o(i.__0vsnprintf$7) refers to printf7.o(i._printf_core) for _printf_core
    printf7.o(i.__0vsnprintf$7) refers to printf7.o(i._snputc) for _snputc
    printf7.o(i.__0vsprintf$7) refers to printf7.o(i._printf_core) for _printf_core
    printf7.o(i.__0vsprintf$7) refers to printf7.o(i._sputc) for _sputc
    printf7.o(i._printf_core) refers to printf7.o(i._printf_pre_padding) for _printf_pre_padding
    printf7.o(i._printf_core) refers to uldiv.o(.text) for __aeabi_uldivmod
    printf7.o(i._printf_core) refers to printf7.o(i._printf_post_padding) for _printf_post_padding
    printf8.o(i.__0fprintf$8) refers to printf8.o(i._printf_core) for _printf_core
    printf8.o(i.__0fprintf$8) refers to main.o(.text) for fputc
    printf8.o(i.__0printf$8) refers to printf8.o(i._printf_core) for _printf_core
    printf8.o(i.__0printf$8) refers to main.o(.text) for fputc
    printf8.o(i.__0printf$8) refers to stdout.o(.data) for __stdout
    printf8.o(i.__0snprintf$8) refers to printf8.o(i._printf_core) for _printf_core
    printf8.o(i.__0snprintf$8) refers to printf8.o(i._snputc) for _snputc
    printf8.o(i.__0sprintf$8) refers to printf8.o(i._printf_core) for _printf_core
    printf8.o(i.__0sprintf$8) refers to printf8.o(i._sputc) for _sputc
    printf8.o(i.__0vfprintf$8) refers to printf8.o(i._printf_core) for _printf_core
    printf8.o(i.__0vfprintf$8) refers to main.o(.text) for fputc
    printf8.o(i.__0vprintf$8) refers to printf8.o(i._printf_core) for _printf_core
    printf8.o(i.__0vprintf$8) refers to main.o(.text) for fputc
    printf8.o(i.__0vprintf$8) refers to stdout.o(.data) for __stdout
    printf8.o(i.__0vsnprintf$8) refers to printf8.o(i._printf_core) for _printf_core
    printf8.o(i.__0vsnprintf$8) refers to printf8.o(i._snputc) for _snputc
    printf8.o(i.__0vsprintf$8) refers to printf8.o(i._printf_core) for _printf_core
    printf8.o(i.__0vsprintf$8) refers to printf8.o(i._sputc) for _sputc
    printf8.o(i._printf_core) refers to printf8.o(i._printf_pre_padding) for _printf_pre_padding
    printf8.o(i._printf_core) refers to uldiv.o(.text) for __aeabi_uldivmod
    printf8.o(i._printf_core) refers to printf8.o(i._printf_post_padding) for _printf_post_padding
    printfa.o(i.__0fprintf) refers (Special) to iusefp.o(.text) for __I$use$fp
    printfa.o(i.__0fprintf) refers to printfa.o(i._printf_core) for _printf_core
    printfa.o(i.__0fprintf) refers to main.o(.text) for fputc
    printfa.o(i.__0printf) refers (Special) to iusefp.o(.text) for __I$use$fp
    printfa.o(i.__0printf) refers to printfa.o(i._printf_core) for _printf_core
    printfa.o(i.__0printf) refers to main.o(.text) for fputc
    printfa.o(i.__0printf) refers to stdout.o(.data) for __stdout
    printfa.o(i.__0snprintf) refers (Special) to iusefp.o(.text) for __I$use$fp
    printfa.o(i.__0snprintf) refers to printfa.o(i._printf_core) for _printf_core
    printfa.o(i.__0snprintf) refers to printfa.o(i._snputc) for _snputc
    printfa.o(i.__0sprintf) refers (Special) to iusefp.o(.text) for __I$use$fp
    printfa.o(i.__0sprintf) refers to printfa.o(i._printf_core) for _printf_core
    printfa.o(i.__0sprintf) refers to printfa.o(i._sputc) for _sputc
    printfa.o(i.__0vfprintf) refers (Special) to iusefp.o(.text) for __I$use$fp
    printfa.o(i.__0vfprintf) refers to printfa.o(i._printf_core) for _printf_core
    printfa.o(i.__0vfprintf) refers to main.o(.text) for fputc
    printfa.o(i.__0vprintf) refers (Special) to iusefp.o(.text) for __I$use$fp
    printfa.o(i.__0vprintf) refers to printfa.o(i._printf_core) for _printf_core
    printfa.o(i.__0vprintf) refers to main.o(.text) for fputc
    printfa.o(i.__0vprintf) refers to stdout.o(.data) for __stdout
    printfa.o(i.__0vsnprintf) refers (Special) to iusefp.o(.text) for __I$use$fp
    printfa.o(i.__0vsnprintf) refers to printfa.o(i._printf_core) for _printf_core
    printfa.o(i.__0vsnprintf) refers to printfa.o(i._snputc) for _snputc
    printfa.o(i.__0vsprintf) refers (Special) to iusefp.o(.text) for __I$use$fp
    printfa.o(i.__0vsprintf) refers to printfa.o(i._printf_core) for _printf_core
    printfa.o(i.__0vsprintf) refers to printfa.o(i._sputc) for _sputc
    printfa.o(i._fp_digits) refers (Special) to iusefp.o(.text) for __I$use$fp
    printfa.o(i._fp_digits) refers to dmul.o(.text) for __aeabi_dmul
    printfa.o(i._fp_digits) refers to ddiv.o(.text) for __aeabi_ddiv
    printfa.o(i._fp_digits) refers to cdrcmple.o(.text) for __aeabi_cdrcmple
    printfa.o(i._fp_digits) refers to dadd.o(.text) for __aeabi_dadd
    printfa.o(i._fp_digits) refers to dfixul.o(.text) for __aeabi_d2ulz
    printfa.o(i._fp_digits) refers to uldiv.o(.text) for __aeabi_uldivmod
    printfa.o(i._printf_core) refers (Special) to iusefp.o(.text) for __I$use$fp
    printfa.o(i._printf_core) refers to printfa.o(i._printf_pre_padding) for _printf_pre_padding
    printfa.o(i._printf_core) refers to uldiv.o(.text) for __aeabi_uldivmod
    printfa.o(i._printf_core) refers to printfa.o(i._printf_post_padding) for _printf_post_padding
    printfa.o(i._printf_core) refers to printfa.o(i._fp_digits) for _fp_digits
    printfa.o(i._printf_core) refers to uidiv.o(.text) for __aeabi_uidivmod
    printfa.o(i._printf_post_padding) refers (Special) to iusefp.o(.text) for __I$use$fp
    printfa.o(i._printf_pre_padding) refers (Special) to iusefp.o(.text) for __I$use$fp
    printfa.o(i._snputc) refers (Special) to iusefp.o(.text) for __I$use$fp
    printfa.o(i._sputc) refers (Special) to iusefp.o(.text) for __I$use$fp
    fflti.o(.text) refers (Special) to iusefp.o(.text) for __I$use$fp
    fflti.o(.text) refers to fepilogue.o(.text) for _float_epilogue
    ffltui.o(.text) refers (Special) to iusefp.o(.text) for __I$use$fp
    ffltui.o(.text) refers to fepilogue.o(.text) for _float_epilogue
    f2d.o(.text) refers (Special) to iusefp.o(.text) for __I$use$fp
    entry2.o(.ARM.Collect$$$$00000001) refers to entry2.o(.ARM.Collect$$$$00002712) for __lit__00000000
    entry2.o(.ARM.Collect$$$$00002712) refers to startup_stm32f10x_md.o(STACK) for __initial_sp
    entry2.o(__vectab_stack_and_reset_area) refers to startup_stm32f10x_md.o(STACK) for __initial_sp
    entry2.o(__vectab_stack_and_reset_area) refers to entry.o(.ARM.Collect$$$$00000000) for __main
    entry5.o(.ARM.Collect$$$$00000004) refers to init.o(.text) for __scatterload
    entry9a.o(.ARM.Collect$$$$0000000B) refers to main.o(.text) for main
    entry9b.o(.ARM.Collect$$$$0000000C) refers to main.o(.text) for main
    uldiv.o(.text) refers to llushr.o(.text) for __aeabi_llsr
    uldiv.o(.text) refers to llshl.o(.text) for __aeabi_llsl
    dadd.o(.text) refers to llshl.o(.text) for __aeabi_llsl
    dadd.o(.text) refers to llsshr.o(.text) for __aeabi_lasr
    dadd.o(.text) refers to depilogue.o(.text) for _double_epilogue
    dmul.o(.text) refers to depilogue.o(.text) for _double_epilogue
    ddiv.o(.text) refers to depilogue.o(.text) for _double_round
    dfixul.o(.text) refers to llushr.o(.text) for __aeabi_llsr
    dfixul.o(.text) refers to llshl.o(.text) for __aeabi_llsl
    init.o(.text) refers to entry5.o(.ARM.Collect$$$$00000004) for __main_after_scatterload
    depilogue.o(.text) refers to llshl.o(.text) for __aeabi_llsl
    depilogue.o(.text) refers to llushr.o(.text) for __aeabi_llsr


==============================================================================

Removing Unused input sections from the image.

    Removing core_cm3.o(.emb_text), (32 bytes).
    Removing startup_stm32f10x_md.o(HEAP), (512 bytes).
    Removing stm32f10x_bkp.o(.text), (196 bytes).
    Removing stm32f10x_cec.o(.text), (288 bytes).
    Removing stm32f10x_crc.o(.text), (72 bytes).
    Removing stm32f10x_dac.o(.text), (396 bytes).
    Removing stm32f10x_dbgmcu.o(.text), (48 bytes).
    Removing stm32f10x_exti.o(.text), (284 bytes).
    Removing stm32f10x_flash.o(.text), (1468 bytes).
    Removing stm32f10x_fsmc.o(.text), (1548 bytes).
    Removing stm32f10x_i2c.o(.text), (1028 bytes).
    Removing stm32f10x_iwdg.o(.text), (64 bytes).
    Removing stm32f10x_pwr.o(.text), (204 bytes).
    Removing stm32f10x_rtc.o(.text), (328 bytes).
    Removing stm32f10x_sdio.o(.text), (468 bytes).
    Removing stm32f10x_spi.o(.text), (780 bytes).
    Removing stm32f10x_wwdg.o(.text), (136 bytes).

17 unused section(s) (total 7852 bytes) removed from the image.

==============================================================================

Image Symbol Table

    Local Symbols

    Symbol Name                              Value     Ov Type        Size  Object(Section)

    ../clib/microlib/division.c              0x00000000   Number         0  uldiv.o ABSOLUTE
    ../clib/microlib/division.c              0x00000000   Number         0  uidiv.o ABSOLUTE
    ../clib/microlib/init/entry.s            0x00000000   Number         0  entry7b.o ABSOLUTE
    ../clib/microlib/init/entry.s            0x00000000   Number         0  entry11a.o ABSOLUTE
    ../clib/microlib/init/entry.s            0x00000000   Number         0  entry11b.o ABSOLUTE
    ../clib/microlib/init/entry.s            0x00000000   Number         0  entry8a.o ABSOLUTE
    ../clib/microlib/init/entry.s            0x00000000   Number         0  entry10b.o ABSOLUTE
    ../clib/microlib/init/entry.s            0x00000000   Number         0  entry5.o ABSOLUTE
    ../clib/microlib/init/entry.s            0x00000000   Number         0  entry2.o ABSOLUTE
    ../clib/microlib/init/entry.s            0x00000000   Number         0  entry10a.o ABSOLUTE
    ../clib/microlib/init/entry.s            0x00000000   Number         0  entry.o ABSOLUTE
    ../clib/microlib/init/entry.s            0x00000000   Number         0  entry7a.o ABSOLUTE
    ../clib/microlib/init/entry.s            0x00000000   Number         0  entry9b.o ABSOLUTE
    ../clib/microlib/init/entry.s            0x00000000   Number         0  entry9a.o ABSOLUTE
    ../clib/microlib/init/entry.s            0x00000000   Number         0  entry8b.o ABSOLUTE
    ../clib/microlib/longlong.c              0x00000000   Number         0  llshl.o ABSOLUTE
    ../clib/microlib/longlong.c              0x00000000   Number         0  llsshr.o ABSOLUTE
    ../clib/microlib/longlong.c              0x00000000   Number         0  llushr.o ABSOLUTE
    ../clib/microlib/printf/printf.c         0x00000000   Number         0  printf0.o ABSOLUTE
    ../clib/microlib/printf/printf.c         0x00000000   Number         0  printf7.o ABSOLUTE
    ../clib/microlib/printf/printf.c         0x00000000   Number         0  printf6.o ABSOLUTE
    ../clib/microlib/printf/printf.c         0x00000000   Number         0  printfb.o ABSOLUTE
    ../clib/microlib/printf/printf.c         0x00000000   Number         0  printf5.o ABSOLUTE
    ../clib/microlib/printf/printf.c         0x00000000   Number         0  printf1.o ABSOLUTE
    ../clib/microlib/printf/printf.c         0x00000000   Number         0  printf8.o ABSOLUTE
    ../clib/microlib/printf/printf.c         0x00000000   Number         0  printf3.o ABSOLUTE
    ../clib/microlib/printf/printf.c         0x00000000   Number         0  printf4.o ABSOLUTE
    ../clib/microlib/printf/printf.c         0x00000000   Number         0  printf2.o ABSOLUTE
    ../clib/microlib/printf/printf.c         0x00000000   Number         0  printfa.o ABSOLUTE
    ../clib/microlib/printf/stubs.s          0x00000000   Number         0  stubs.o ABSOLUTE
    ../clib/microlib/stdio/streams.c         0x00000000   Number         0  stdout.o ABSOLUTE
    ../clib/microlib/stubs.s                 0x00000000   Number         0  iusefp.o ABSOLUTE
    ../fplib/microlib/f2d.c                  0x00000000   Number         0  f2d.o ABSOLUTE
    ../fplib/microlib/fpadd.c                0x00000000   Number         0  dadd.o ABSOLUTE
    ../fplib/microlib/fpdiv.c                0x00000000   Number         0  ddiv.o ABSOLUTE
    ../fplib/microlib/fpepilogue.c           0x00000000   Number         0  fepilogue.o ABSOLUTE
    ../fplib/microlib/fpepilogue.c           0x00000000   Number         0  depilogue.o ABSOLUTE
    ../fplib/microlib/fpfix.c                0x00000000   Number         0  dfixul.o ABSOLUTE
    ../fplib/microlib/fpflt.c                0x00000000   Number         0  ffltui.o ABSOLUTE
    ../fplib/microlib/fpflt.c                0x00000000   Number         0  fflti.o ABSOLUTE
    ../fplib/microlib/fpmul.c                0x00000000   Number         0  dmul.o ABSOLUTE
    CMSIS\\core_cm3.c                        0x00000000   Number         0  core_cm3.o ABSOLUTE
    CMSIS\core_cm3.c                         0x00000000   Number         0  core_cm3.o ABSOLUTE
    CMSIS\startup\arm\startup_stm32f10x_md.s 0x00000000   Number         0  startup_stm32f10x_md.o ABSOLUTE
    CMSIS\system_stm32f10x.c                 0x00000000   Number         0  system_stm32f10x.o ABSOLUTE
    FWlib\src\misc.c                         0x00000000   Number         0  misc.o ABSOLUTE
    FWlib\src\stm32f10x_adc.c                0x00000000   Number         0  stm32f10x_adc.o ABSOLUTE
    FWlib\src\stm32f10x_bkp.c                0x00000000   Number         0  stm32f10x_bkp.o ABSOLUTE
    FWlib\src\stm32f10x_can.c                0x00000000   Number         0  stm32f10x_can.o ABSOLUTE
    FWlib\src\stm32f10x_cec.c                0x00000000   Number         0  stm32f10x_cec.o ABSOLUTE
    FWlib\src\stm32f10x_crc.c                0x00000000   Number         0  stm32f10x_crc.o ABSOLUTE
    FWlib\src\stm32f10x_dac.c                0x00000000   Number         0  stm32f10x_dac.o ABSOLUTE
    FWlib\src\stm32f10x_dbgmcu.c             0x00000000   Number         0  stm32f10x_dbgmcu.o ABSOLUTE
    FWlib\src\stm32f10x_dma.c                0x00000000   Number         0  stm32f10x_dma.o ABSOLUTE
    FWlib\src\stm32f10x_exti.c               0x00000000   Number         0  stm32f10x_exti.o ABSOLUTE
    FWlib\src\stm32f10x_flash.c              0x00000000   Number         0  stm32f10x_flash.o ABSOLUTE
    FWlib\src\stm32f10x_fsmc.c               0x00000000   Number         0  stm32f10x_fsmc.o ABSOLUTE
    FWlib\src\stm32f10x_gpio.c               0x00000000   Number         0  stm32f10x_gpio.o ABSOLUTE
    FWlib\src\stm32f10x_i2c.c                0x00000000   Number         0  stm32f10x_i2c.o ABSOLUTE
    FWlib\src\stm32f10x_iwdg.c               0x00000000   Number         0  stm32f10x_iwdg.o ABSOLUTE
    FWlib\src\stm32f10x_pwr.c                0x00000000   Number         0  stm32f10x_pwr.o ABSOLUTE
    FWlib\src\stm32f10x_rcc.c                0x00000000   Number         0  stm32f10x_rcc.o ABSOLUTE
    FWlib\src\stm32f10x_rtc.c                0x00000000   Number         0  stm32f10x_rtc.o ABSOLUTE
    FWlib\src\stm32f10x_sdio.c               0x00000000   Number         0  stm32f10x_sdio.o ABSOLUTE
    FWlib\src\stm32f10x_spi.c                0x00000000   Number         0  stm32f10x_spi.o ABSOLUTE
    FWlib\src\stm32f10x_tim.c                0x00000000   Number         0  stm32f10x_tim.o ABSOLUTE
    FWlib\src\stm32f10x_usart.c              0x00000000   Number         0  stm32f10x_usart.o ABSOLUTE
    FWlib\src\stm32f10x_wwdg.c               0x00000000   Number         0  stm32f10x_wwdg.o ABSOLUTE
    User_program\ADC_int.c                   0x00000000   Number         0  adc_int.o ABSOLUTE
    User_program\CAN.c                       0x00000000   Number         0  can.o ABSOLUTE
    User_program\GPIO_int.c                  0x00000000   Number         0  gpio_int.o ABSOLUTE
    User_program\IQ_math.c                   0x00000000   Number         0  iq_math.o ABSOLUTE
    User_program\PI_Cale.c                   0x00000000   Number         0  pi_cale.o ABSOLUTE
    User_program\Task_function.c             0x00000000   Number         0  task_function.o ABSOLUTE
    User_program\ThreeHall.c                 0x00000000   Number         0  threehall.o ABSOLUTE
    User_program\Tim1_ISR_MCLoop.c           0x00000000   Number         0  tim1_isr_mcloop.o ABSOLUTE
    User_program\Tim1_PWM.c                  0x00000000   Number         0  tim1_pwm.o ABSOLUTE
    User_program\Tim4_Encoder_PWMDAC.c       0x00000000   Number         0  tim4_encoder_pwmdac.o ABSOLUTE
    User_program\Timer.c                     0x00000000   Number         0  timer.o ABSOLUTE
    User_program\Usart_RS232.c               0x00000000   Number         0  usart_rs232.o ABSOLUTE
    cdrcmple.s                               0x00000000   Number         0  cdrcmple.o ABSOLUTE
    dc.s                                     0x00000000   Number         0  dc.o ABSOLUTE
    handlers.s                               0x00000000   Number         0  handlers.o ABSOLUTE
    init.s                                   0x00000000   Number         0  init.o ABSOLUTE
    main.c                                   0x00000000   Number         0  main.o ABSOLUTE
    stm32f10x_it.c                           0x00000000   Number         0  stm32f10x_it.o ABSOLUTE
    RESET                                    0x08000000   Section      236  startup_stm32f10x_md.o(RESET)
    .ARM.Collect$$$$00000000                 0x080000ec   Section        0  entry.o(.ARM.Collect$$$$00000000)
    .ARM.Collect$$$$00000001                 0x080000ec   Section        4  entry2.o(.ARM.Collect$$$$00000001)
    .ARM.Collect$$$$00000004                 0x080000f0   Section        4  entry5.o(.ARM.Collect$$$$00000004)
    .ARM.Collect$$$$00000008                 0x080000f4   Section        0  entry7b.o(.ARM.Collect$$$$00000008)
    .ARM.Collect$$$$0000000A                 0x080000f4   Section        0  entry8b.o(.ARM.Collect$$$$0000000A)
    .ARM.Collect$$$$0000000B                 0x080000f4   Section        8  entry9a.o(.ARM.Collect$$$$0000000B)
    .ARM.Collect$$$$0000000D                 0x080000fc   Section        0  entry10a.o(.ARM.Collect$$$$0000000D)
    .ARM.Collect$$$$0000000F                 0x080000fc   Section        0  entry11a.o(.ARM.Collect$$$$0000000F)
    .ARM.Collect$$$$00002712                 0x080000fc   Section        4  entry2.o(.ARM.Collect$$$$00002712)
    __lit__00000000                          0x080000fc   Data           4  entry2.o(.ARM.Collect$$$$00002712)
    .text                                    0x08000100   Section        0  system_stm32f10x.o(.text)
    SetSysClockTo72                          0x08000101   Thumb Code   214  system_stm32f10x.o(.text)
    SetSysClock                              0x080001d7   Thumb Code     8  system_stm32f10x.o(.text)
    .text                                    0x080002e0   Section       36  startup_stm32f10x_md.o(.text)
    .text                                    0x08000304   Section        0  misc.o(.text)
    .text                                    0x080003e0   Section        0  stm32f10x_adc.o(.text)
    .text                                    0x08000830   Section        0  stm32f10x_can.o(.text)
    CheckITStatus                            0x08001033   Thumb Code    18  stm32f10x_can.o(.text)
    .text                                    0x08001220   Section        0  stm32f10x_dma.o(.text)
    .text                                    0x08001474   Section        0  stm32f10x_gpio.o(.text)
    .text                                    0x080017d0   Section        0  stm32f10x_rcc.o(.text)
    .text                                    0x08001b74   Section        0  stm32f10x_tim.o(.text)
    TI4_Config                               0x0800201b   Thumb Code   130  stm32f10x_tim.o(.text)
    TI3_Config                               0x080020af   Thumb Code   122  stm32f10x_tim.o(.text)
    TI2_Config                               0x08002143   Thumb Code   130  stm32f10x_tim.o(.text)
    TI1_Config                               0x080021d7   Thumb Code   108  stm32f10x_tim.o(.text)
    .text                                    0x08002990   Section        0  stm32f10x_usart.o(.text)
    .text                                    0x08002d98   Section        0  main.o(.text)
    .text                                    0x08002ed8   Section        0  stm32f10x_it.o(.text)
    .text                                    0x08002ef8   Section        0  adc_int.o(.text)
    .text                                    0x08003138   Section        0  can.o(.text)
    .text                                    0x080032e0   Section        0  gpio_int.o(.text)
    .text                                    0x08003500   Section        0  iq_math.o(.text)
    .text                                    0x08003708   Section        0  pi_cale.o(.text)
    .text                                    0x08003788   Section        0  task_function.o(.text)
    .text                                    0x080038a8   Section        0  threehall.o(.text)
    .text                                    0x08003b58   Section        0  tim1_isr_mcloop.o(.text)
    .text                                    0x08003cc8   Section        0  tim1_pwm.o(.text)
    .text                                    0x080040c8   Section        0  tim4_encoder_pwmdac.o(.text)
    .text                                    0x08004198   Section        0  timer.o(.text)
    NVIC_SetPriority                         0x08004199   Thumb Code    32  timer.o(.text)
    .text                                    0x08004374   Section        0  usart_rs232.o(.text)
    .text                                    0x08004754   Section        0  fflti.o(.text)
    .text                                    0x08004766   Section        0  ffltui.o(.text)
    .text                                    0x08004770   Section        0  f2d.o(.text)
    .text                                    0x08004796   Section        0  uidiv.o(.text)
    .text                                    0x080047c2   Section        0  uldiv.o(.text)
    .text                                    0x08004824   Section        0  fepilogue.o(.text)
    .text                                    0x08004824   Section        0  iusefp.o(.text)
    .text                                    0x08004892   Section        0  dadd.o(.text)
    .text                                    0x080049e0   Section        0  dmul.o(.text)
    .text                                    0x08004ac4   Section        0  ddiv.o(.text)
    .text                                    0x08004ba2   Section        0  dfixul.o(.text)
    .text                                    0x08004bd4   Section       48  cdrcmple.o(.text)
    .text                                    0x08004c04   Section       36  init.o(.text)
    .text                                    0x08004c28   Section        0  llshl.o(.text)
    .text                                    0x08004c46   Section        0  llushr.o(.text)
    .text                                    0x08004c66   Section        0  llsshr.o(.text)
    .text                                    0x08004c8a   Section        0  depilogue.o(.text)
    i.__0printf                              0x08004d44   Section        0  printfa.o(i.__0printf)
    i.__scatterload_copy                     0x08004d64   Section       14  handlers.o(i.__scatterload_copy)
    i.__scatterload_null                     0x08004d72   Section        2  handlers.o(i.__scatterload_null)
    i.__scatterload_zeroinit                 0x08004d74   Section       14  handlers.o(i.__scatterload_zeroinit)
    i._fp_digits                             0x08004d84   Section        0  printfa.o(i._fp_digits)
    _fp_digits                               0x08004d85   Thumb Code   366  printfa.o(i._fp_digits)
    i._printf_core                           0x08004f08   Section        0  printfa.o(i._printf_core)
    _printf_core                             0x08004f09   Thumb Code  1744  printfa.o(i._printf_core)
    i._printf_post_padding                   0x080055e4   Section        0  printfa.o(i._printf_post_padding)
    _printf_post_padding                     0x080055e5   Thumb Code    36  printfa.o(i._printf_post_padding)
    i._printf_pre_padding                    0x08005608   Section        0  printfa.o(i._printf_pre_padding)
    _printf_pre_padding                      0x08005609   Thumb Code    46  printfa.o(i._printf_pre_padding)
    .constdata                               0x08005638   Section     1536  iq_math.o(.constdata)
    .data                                    0x20000000   Section       20  system_stm32f10x.o(.data)
    .data                                    0x20000014   Section       20  stm32f10x_rcc.o(.data)
    APBAHBPrescTable                         0x20000014   Data          16  stm32f10x_rcc.o(.data)
    ADCPrescTable                            0x20000024   Data           4  stm32f10x_rcc.o(.data)
    .data                                    0x20000028   Section      225  main.o(.data)
    .data                                    0x2000010a   Section        3  adc_int.o(.data)
    i                                        0x2000010c   Data           1  adc_int.o(.data)
    .data                                    0x2000010e   Section        4  threehall.o(.data)
    .data                                    0x20000112   Section        4  tim1_isr_mcloop.o(.data)
    .data                                    0x20000116   Section        2  tim1_pwm.o(.data)
    .data                                    0x20000118   Section       12  usart_rs232.o(.data)
    kk                                       0x2000011c   Data           4  usart_rs232.o(.data)
    .data                                    0x20000124   Section        4  stdout.o(.data)
    .bss                                     0x20000128   Section       76  main.o(.bss)
    .bss                                     0x20000174   Section      394  adc_int.o(.bss)
    ADC_PhaseU_Curr                          0x2000017e   Data         128  adc_int.o(.bss)
    ADC_PhaseV_Curr                          0x200001fe   Data         128  adc_int.o(.bss)
    ADC_BUS_Curr                             0x2000027e   Data         128  adc_int.o(.bss)
    .bss                                     0x20000300   Section       40  can.o(.bss)
    STACK                                    0x20000328   Section     1024  startup_stm32f10x_md.o(STACK)

    Global Symbols

    Symbol Name                              Value     Ov Type        Size  Object(Section)

    BuildAttributes$$THM_ISAv4$P$D$K$B$S$PE$A:L22UL41UL21$X:L11$S22US41US21$IEEE1$IW$USESV6$~STKCKD$USESV7$~SHL$OTIME$ROPI$EBA8$MICROLIB$REQ8$PRES8$EABIv2 0x00000000   Number         0  anon$$obj.o ABSOLUTE
    __ARM_use_no_argv                        0x00000000   Number         0  main.o ABSOLUTE
    _printf_a                                0x00000000   Number         0  stubs.o ABSOLUTE
    _printf_c                                0x00000000   Number         0  stubs.o ABSOLUTE
    _printf_charcount                        0x00000000   Number         0  stubs.o ABSOLUTE
    _printf_d                                0x00000000   Number         0  stubs.o ABSOLUTE
    _printf_e                                0x00000000   Number         0  stubs.o ABSOLUTE
    _printf_f                                0x00000000   Number         0  stubs.o ABSOLUTE
    _printf_flags                            0x00000000   Number         0  stubs.o ABSOLUTE
    _printf_fp_dec                           0x00000000   Number         0  stubs.o ABSOLUTE
    _printf_fp_hex                           0x00000000   Number         0  stubs.o ABSOLUTE
    _printf_g                                0x00000000   Number         0  stubs.o ABSOLUTE
    _printf_i                                0x00000000   Number         0  stubs.o ABSOLUTE
    _printf_int_dec                          0x00000000   Number         0  stubs.o ABSOLUTE
    _printf_l                                0x00000000   Number         0  stubs.o ABSOLUTE
    _printf_lc                               0x00000000   Number         0  stubs.o ABSOLUTE
    _printf_ll                               0x00000000   Number         0  stubs.o ABSOLUTE
    _printf_lld                              0x00000000   Number         0  stubs.o ABSOLUTE
    _printf_lli                              0x00000000   Number         0  stubs.o ABSOLUTE
    _printf_llo                              0x00000000   Number         0  stubs.o ABSOLUTE
    _printf_llu                              0x00000000   Number         0  stubs.o ABSOLUTE
    _printf_llx                              0x00000000   Number         0  stubs.o ABSOLUTE
    _printf_longlong_dec                     0x00000000   Number         0  stubs.o ABSOLUTE
    _printf_longlong_hex                     0x00000000   Number         0  stubs.o ABSOLUTE
    _printf_longlong_oct                     0x00000000   Number         0  stubs.o ABSOLUTE
    _printf_ls                               0x00000000   Number         0  stubs.o ABSOLUTE
    _printf_mbtowc                           0x00000000   Number         0  stubs.o ABSOLUTE
    _printf_n                                0x00000000   Number         0  stubs.o ABSOLUTE
    _printf_o                                0x00000000   Number         0  stubs.o ABSOLUTE
    _printf_p                                0x00000000   Number         0  stubs.o ABSOLUTE
    _printf_percent                          0x00000000   Number         0  stubs.o ABSOLUTE
    _printf_pre_padding                      0x00000000   Number         0  stubs.o ABSOLUTE
    _printf_return_value                     0x00000000   Number         0  stubs.o ABSOLUTE
    _printf_s                                0x00000000   Number         0  stubs.o ABSOLUTE
    _printf_sizespec                         0x00000000   Number         0  stubs.o ABSOLUTE
    _printf_str                              0x00000000   Number         0  stubs.o ABSOLUTE
    _printf_truncate_signed                  0x00000000   Number         0  stubs.o ABSOLUTE
    _printf_truncate_unsigned                0x00000000   Number         0  stubs.o ABSOLUTE
    _printf_u                                0x00000000   Number         0  stubs.o ABSOLUTE
    _printf_wc                               0x00000000   Number         0  stubs.o ABSOLUTE
    _printf_wctomb                           0x00000000   Number         0  stubs.o ABSOLUTE
    _printf_widthprec                        0x00000000   Number         0  stubs.o ABSOLUTE
    _printf_x                                0x00000000   Number         0  stubs.o ABSOLUTE
    __cpp_initialize__aeabi_                  - Undefined Weak Reference
    __cxa_finalize                            - Undefined Weak Reference
    __decompress                              - Undefined Weak Reference
    _clock_init                               - Undefined Weak Reference
    _microlib_exit                            - Undefined Weak Reference
    __Vectors_Size                           0x000000ec   Number         0  startup_stm32f10x_md.o ABSOLUTE
    __Vectors                                0x08000000   Data           4  startup_stm32f10x_md.o(RESET)
    __Vectors_End                            0x080000ec   Data           0  startup_stm32f10x_md.o(RESET)
    __main                                   0x080000ed   Thumb Code     0  entry.o(.ARM.Collect$$$$00000000)
    _main_stk                                0x080000ed   Thumb Code     0  entry2.o(.ARM.Collect$$$$00000001)
    _main_scatterload                        0x080000f1   Thumb Code     0  entry5.o(.ARM.Collect$$$$00000004)
    __main_after_scatterload                 0x080000f5   Thumb Code     0  entry5.o(.ARM.Collect$$$$00000004)
    _main_clock                              0x080000f5   Thumb Code     0  entry7b.o(.ARM.Collect$$$$00000008)
    _main_cpp_init                           0x080000f5   Thumb Code     0  entry8b.o(.ARM.Collect$$$$0000000A)
    _main_init                               0x080000f5   Thumb Code     0  entry9a.o(.ARM.Collect$$$$0000000B)
    __rt_final_cpp                           0x080000fd   Thumb Code     0  entry10a.o(.ARM.Collect$$$$0000000D)
    __rt_final_exit                          0x080000fd   Thumb Code     0  entry11a.o(.ARM.Collect$$$$0000000F)
    SystemInit                               0x080001df   Thumb Code    78  system_stm32f10x.o(.text)
    SystemCoreClockUpdate                    0x0800022d   Thumb Code   142  system_stm32f10x.o(.text)
    Reset_Handler                            0x080002e1   Thumb Code     8  startup_stm32f10x_md.o(.text)
    NMI_Handler                              0x080002e9   Thumb Code     2  startup_stm32f10x_md.o(.text)
    HardFault_Handler                        0x080002eb   Thumb Code     2  startup_stm32f10x_md.o(.text)
    MemManage_Handler                        0x080002ed   Thumb Code     2  startup_stm32f10x_md.o(.text)
    BusFault_Handler                         0x080002ef   Thumb Code     2  startup_stm32f10x_md.o(.text)
    UsageFault_Handler                       0x080002f1   Thumb Code     2  startup_stm32f10x_md.o(.text)
    SVC_Handler                              0x080002f3   Thumb Code     2  startup_stm32f10x_md.o(.text)
    DebugMon_Handler                         0x080002f5   Thumb Code     2  startup_stm32f10x_md.o(.text)
    PendSV_Handler                           0x080002f7   Thumb Code     2  startup_stm32f10x_md.o(.text)
    ADC1_2_IRQHandler                        0x080002fb   Thumb Code     0  startup_stm32f10x_md.o(.text)
    CAN1_RX1_IRQHandler                      0x080002fb   Thumb Code     0  startup_stm32f10x_md.o(.text)
    CAN1_SCE_IRQHandler                      0x080002fb   Thumb Code     0  startup_stm32f10x_md.o(.text)
    DMA1_Channel1_IRQHandler                 0x080002fb   Thumb Code     0  startup_stm32f10x_md.o(.text)
    DMA1_Channel2_IRQHandler                 0x080002fb   Thumb Code     0  startup_stm32f10x_md.o(.text)
    DMA1_Channel3_IRQHandler                 0x080002fb   Thumb Code     0  startup_stm32f10x_md.o(.text)
    DMA1_Channel4_IRQHandler                 0x080002fb   Thumb Code     0  startup_stm32f10x_md.o(.text)
    DMA1_Channel5_IRQHandler                 0x080002fb   Thumb Code     0  startup_stm32f10x_md.o(.text)
    DMA1_Channel6_IRQHandler                 0x080002fb   Thumb Code     0  startup_stm32f10x_md.o(.text)
    DMA1_Channel7_IRQHandler                 0x080002fb   Thumb Code     0  startup_stm32f10x_md.o(.text)
    EXTI0_IRQHandler                         0x080002fb   Thumb Code     0  startup_stm32f10x_md.o(.text)
    EXTI15_10_IRQHandler                     0x080002fb   Thumb Code     0  startup_stm32f10x_md.o(.text)
    EXTI1_IRQHandler                         0x080002fb   Thumb Code     0  startup_stm32f10x_md.o(.text)
    EXTI2_IRQHandler                         0x080002fb   Thumb Code     0  startup_stm32f10x_md.o(.text)
    EXTI3_IRQHandler                         0x080002fb   Thumb Code     0  startup_stm32f10x_md.o(.text)
    EXTI4_IRQHandler                         0x080002fb   Thumb Code     0  startup_stm32f10x_md.o(.text)
    EXTI9_5_IRQHandler                       0x080002fb   Thumb Code     0  startup_stm32f10x_md.o(.text)
    FLASH_IRQHandler                         0x080002fb   Thumb Code     0  startup_stm32f10x_md.o(.text)
    I2C1_ER_IRQHandler                       0x080002fb   Thumb Code     0  startup_stm32f10x_md.o(.text)
    I2C1_EV_IRQHandler                       0x080002fb   Thumb Code     0  startup_stm32f10x_md.o(.text)
    I2C2_ER_IRQHandler                       0x080002fb   Thumb Code     0  startup_stm32f10x_md.o(.text)
    I2C2_EV_IRQHandler                       0x080002fb   Thumb Code     0  startup_stm32f10x_md.o(.text)
    PVD_IRQHandler                           0x080002fb   Thumb Code     0  startup_stm32f10x_md.o(.text)
    RCC_IRQHandler                           0x080002fb   Thumb Code     0  startup_stm32f10x_md.o(.text)
    RTCAlarm_IRQHandler                      0x080002fb   Thumb Code     0  startup_stm32f10x_md.o(.text)
    RTC_IRQHandler                           0x080002fb   Thumb Code     0  startup_stm32f10x_md.o(.text)
    SPI1_IRQHandler                          0x080002fb   Thumb Code     0  startup_stm32f10x_md.o(.text)
    SPI2_IRQHandler                          0x080002fb   Thumb Code     0  startup_stm32f10x_md.o(.text)
    TAMPER_IRQHandler                        0x080002fb   Thumb Code     0  startup_stm32f10x_md.o(.text)
    TIM1_CC_IRQHandler                       0x080002fb   Thumb Code     0  startup_stm32f10x_md.o(.text)
    TIM1_TRG_COM_IRQHandler                  0x080002fb   Thumb Code     0  startup_stm32f10x_md.o(.text)
    TIM2_IRQHandler                          0x080002fb   Thumb Code     0  startup_stm32f10x_md.o(.text)
    TIM3_IRQHandler                          0x080002fb   Thumb Code     0  startup_stm32f10x_md.o(.text)
    TIM4_IRQHandler                          0x080002fb   Thumb Code     0  startup_stm32f10x_md.o(.text)
    USART1_IRQHandler                        0x080002fb   Thumb Code     0  startup_stm32f10x_md.o(.text)
    USART2_IRQHandler                        0x080002fb   Thumb Code     0  startup_stm32f10x_md.o(.text)
    USBWakeUp_IRQHandler                     0x080002fb   Thumb Code     0  startup_stm32f10x_md.o(.text)
    USB_HP_CAN1_TX_IRQHandler                0x080002fb   Thumb Code     0  startup_stm32f10x_md.o(.text)
    WWDG_IRQHandler                          0x080002fb   Thumb Code     0  startup_stm32f10x_md.o(.text)
    NVIC_PriorityGroupConfig                 0x08000305   Thumb Code    10  misc.o(.text)
    NVIC_Init                                0x0800030f   Thumb Code   100  misc.o(.text)
    NVIC_SetVectorTable                      0x08000373   Thumb Code    14  misc.o(.text)
    NVIC_SystemLPConfig                      0x08000381   Thumb Code    34  misc.o(.text)
    SysTick_CLKSourceConfig                  0x080003a3   Thumb Code    40  misc.o(.text)
    ADC_DeInit                               0x080003e1   Thumb Code    78  stm32f10x_adc.o(.text)
    ADC_Init                                 0x0800042f   Thumb Code    70  stm32f10x_adc.o(.text)
    ADC_StructInit                           0x08000475   Thumb Code    18  stm32f10x_adc.o(.text)
    ADC_Cmd                                  0x08000487   Thumb Code    22  stm32f10x_adc.o(.text)
    ADC_DMACmd                               0x0800049d   Thumb Code    22  stm32f10x_adc.o(.text)
    ADC_ITConfig                             0x080004b3   Thumb Code    24  stm32f10x_adc.o(.text)
    ADC_ResetCalibration                     0x080004cb   Thumb Code    10  stm32f10x_adc.o(.text)
    ADC_GetResetCalibrationStatus            0x080004d5   Thumb Code    20  stm32f10x_adc.o(.text)
    ADC_StartCalibration                     0x080004e9   Thumb Code    10  stm32f10x_adc.o(.text)
    ADC_GetCalibrationStatus                 0x080004f3   Thumb Code    20  stm32f10x_adc.o(.text)
    ADC_SoftwareStartConvCmd                 0x08000507   Thumb Code    22  stm32f10x_adc.o(.text)
    ADC_GetSoftwareStartConvStatus           0x0800051d   Thumb Code    20  stm32f10x_adc.o(.text)
    ADC_DiscModeChannelCountConfig           0x08000531   Thumb Code    24  stm32f10x_adc.o(.text)
    ADC_DiscModeCmd                          0x08000549   Thumb Code    22  stm32f10x_adc.o(.text)
    ADC_RegularChannelConfig                 0x0800055f   Thumb Code   184  stm32f10x_adc.o(.text)
    ADC_ExternalTrigConvCmd                  0x08000617   Thumb Code    22  stm32f10x_adc.o(.text)
    ADC_GetConversionValue                   0x0800062d   Thumb Code     8  stm32f10x_adc.o(.text)
    ADC_GetDualModeConversionValue           0x08000635   Thumb Code     8  stm32f10x_adc.o(.text)
    ADC_AutoInjectedConvCmd                  0x0800063d   Thumb Code    22  stm32f10x_adc.o(.text)
    ADC_InjectedDiscModeCmd                  0x08000653   Thumb Code    22  stm32f10x_adc.o(.text)
    ADC_ExternalTrigInjectedConvConfig       0x08000669   Thumb Code    16  stm32f10x_adc.o(.text)
    ADC_ExternalTrigInjectedConvCmd          0x08000679   Thumb Code    22  stm32f10x_adc.o(.text)
    ADC_SoftwareStartInjectedConvCmd         0x0800068f   Thumb Code    22  stm32f10x_adc.o(.text)
    ADC_GetSoftwareStartInjectedConvCmdStatus 0x080006a5   Thumb Code    20  stm32f10x_adc.o(.text)
    ADC_InjectedChannelConfig                0x080006b9   Thumb Code   130  stm32f10x_adc.o(.text)
    ADC_InjectedSequencerLengthConfig        0x0800073b   Thumb Code    24  stm32f10x_adc.o(.text)
    ADC_SetInjectedOffset                    0x08000753   Thumb Code    20  stm32f10x_adc.o(.text)
    ADC_GetInjectedConversionValue           0x08000767   Thumb Code    28  stm32f10x_adc.o(.text)
    ADC_AnalogWatchdogCmd                    0x08000783   Thumb Code    16  stm32f10x_adc.o(.text)
    ADC_AnalogWatchdogThresholdsConfig       0x08000793   Thumb Code     6  stm32f10x_adc.o(.text)
    ADC_AnalogWatchdogSingleChannelConfig    0x08000799   Thumb Code    16  stm32f10x_adc.o(.text)
    ADC_TempSensorVrefintCmd                 0x080007a9   Thumb Code    64  stm32f10x_adc.o(.text)
    ADC_GetFlagStatus                        0x080007e9   Thumb Code    18  stm32f10x_adc.o(.text)
    ADC_ClearFlag                            0x080007fb   Thumb Code     6  stm32f10x_adc.o(.text)
    ADC_GetITStatus                          0x08000801   Thumb Code    36  stm32f10x_adc.o(.text)
    ADC_ClearITPendingBit                    0x08000825   Thumb Code    10  stm32f10x_adc.o(.text)
    CAN_DeInit                               0x08000831   Thumb Code    50  stm32f10x_can.o(.text)
    CAN_Init                                 0x08000863   Thumb Code   276  stm32f10x_can.o(.text)
    CAN_FilterInit                           0x08000977   Thumb Code   258  stm32f10x_can.o(.text)
    CAN_StructInit                           0x08000a79   Thumb Code    32  stm32f10x_can.o(.text)
    CAN_SlaveStartBank                       0x08000a99   Thumb Code    48  stm32f10x_can.o(.text)
    CAN_DBGFreeze                            0x08000ac9   Thumb Code    22  stm32f10x_can.o(.text)
    CAN_TTComModeCmd                         0x08000adf   Thumb Code   118  stm32f10x_can.o(.text)
    CAN_Transmit                             0x08000b55   Thumb Code   304  stm32f10x_can.o(.text)
    CAN_TransmitStatus                       0x08000c85   Thumb Code   138  stm32f10x_can.o(.text)
    CAN_CancelTransmit                       0x08000d0f   Thumb Code    48  stm32f10x_can.o(.text)
    CAN_Receive                              0x08000d3f   Thumb Code   240  stm32f10x_can.o(.text)
    CAN_FIFORelease                          0x08000e2f   Thumb Code    22  stm32f10x_can.o(.text)
    CAN_MessagePending                       0x08000e45   Thumb Code    30  stm32f10x_can.o(.text)
    CAN_OperatingModeRequest                 0x08000e63   Thumb Code   162  stm32f10x_can.o(.text)
    CAN_Sleep                                0x08000f05   Thumb Code    30  stm32f10x_can.o(.text)
    CAN_WakeUp                               0x08000f23   Thumb Code    48  stm32f10x_can.o(.text)
    CAN_GetLastErrorCode                     0x08000f53   Thumb Code    12  stm32f10x_can.o(.text)
    CAN_GetReceiveErrorCounter               0x08000f5f   Thumb Code    10  stm32f10x_can.o(.text)
    CAN_GetLSBTransmitErrorCounter           0x08000f69   Thumb Code    12  stm32f10x_can.o(.text)
    CAN_ITConfig                             0x08000f75   Thumb Code    18  stm32f10x_can.o(.text)
    CAN_GetFlagStatus                        0x08000f87   Thumb Code   120  stm32f10x_can.o(.text)
    CAN_ClearFlag                            0x08000fff   Thumb Code    52  stm32f10x_can.o(.text)
    CAN_GetITStatus                          0x08001045   Thumb Code   310  stm32f10x_can.o(.text)
    CAN_ClearITPendingBit                    0x0800117b   Thumb Code   162  stm32f10x_can.o(.text)
    DMA_DeInit                               0x08001221   Thumb Code   324  stm32f10x_dma.o(.text)
    DMA_Init                                 0x08001365   Thumb Code    60  stm32f10x_dma.o(.text)
    DMA_StructInit                           0x080013a1   Thumb Code    26  stm32f10x_dma.o(.text)
    DMA_Cmd                                  0x080013bb   Thumb Code    24  stm32f10x_dma.o(.text)
    DMA_ITConfig                             0x080013d3   Thumb Code    18  stm32f10x_dma.o(.text)
    DMA_SetCurrDataCounter                   0x080013e5   Thumb Code     4  stm32f10x_dma.o(.text)
    DMA_GetCurrDataCounter                   0x080013e9   Thumb Code     8  stm32f10x_dma.o(.text)
    DMA_GetFlagStatus                        0x080013f1   Thumb Code    40  stm32f10x_dma.o(.text)
    DMA_ClearFlag                            0x08001419   Thumb Code    22  stm32f10x_dma.o(.text)
    DMA_GetITStatus                          0x0800142f   Thumb Code    40  stm32f10x_dma.o(.text)
    DMA_ClearITPendingBit                    0x08001457   Thumb Code    22  stm32f10x_dma.o(.text)
    GPIO_DeInit                              0x08001475   Thumb Code   172  stm32f10x_gpio.o(.text)
    GPIO_AFIODeInit                          0x08001521   Thumb Code    20  stm32f10x_gpio.o(.text)
    GPIO_Init                                0x08001535   Thumb Code   278  stm32f10x_gpio.o(.text)
    GPIO_StructInit                          0x0800164b   Thumb Code    16  stm32f10x_gpio.o(.text)
    GPIO_ReadInputDataBit                    0x0800165b   Thumb Code    18  stm32f10x_gpio.o(.text)
    GPIO_ReadInputData                       0x0800166d   Thumb Code     8  stm32f10x_gpio.o(.text)
    GPIO_ReadOutputDataBit                   0x08001675   Thumb Code    18  stm32f10x_gpio.o(.text)
    GPIO_ReadOutputData                      0x08001687   Thumb Code     8  stm32f10x_gpio.o(.text)
    GPIO_SetBits                             0x0800168f   Thumb Code     4  stm32f10x_gpio.o(.text)
    GPIO_ResetBits                           0x08001693   Thumb Code     4  stm32f10x_gpio.o(.text)
    GPIO_WriteBit                            0x08001697   Thumb Code    10  stm32f10x_gpio.o(.text)
    GPIO_Write                               0x080016a1   Thumb Code     4  stm32f10x_gpio.o(.text)
    GPIO_PinLockConfig                       0x080016a5   Thumb Code    18  stm32f10x_gpio.o(.text)
    GPIO_EventOutputConfig                   0x080016b7   Thumb Code    26  stm32f10x_gpio.o(.text)
    GPIO_EventOutputCmd                      0x080016d1   Thumb Code     6  stm32f10x_gpio.o(.text)
    GPIO_PinRemapConfig                      0x080016d7   Thumb Code   138  stm32f10x_gpio.o(.text)
    GPIO_EXTILineConfig                      0x08001761   Thumb Code    66  stm32f10x_gpio.o(.text)
    GPIO_ETH_MediaInterfaceConfig            0x080017a3   Thumb Code     8  stm32f10x_gpio.o(.text)
    RCC_DeInit                               0x080017d1   Thumb Code    64  stm32f10x_rcc.o(.text)
    RCC_HSEConfig                            0x08001811   Thumb Code    70  stm32f10x_rcc.o(.text)
    RCC_GetFlagStatus                        0x08001857   Thumb Code    56  stm32f10x_rcc.o(.text)
    RCC_WaitForHSEStartUp                    0x0800188f   Thumb Code    56  stm32f10x_rcc.o(.text)
    RCC_AdjustHSICalibrationValue            0x080018c7   Thumb Code    20  stm32f10x_rcc.o(.text)
    RCC_HSICmd                               0x080018db   Thumb Code     6  stm32f10x_rcc.o(.text)
    RCC_PLLConfig                            0x080018e1   Thumb Code    24  stm32f10x_rcc.o(.text)
    RCC_PLLCmd                               0x080018f9   Thumb Code     6  stm32f10x_rcc.o(.text)
    RCC_SYSCLKConfig                         0x080018ff   Thumb Code    18  stm32f10x_rcc.o(.text)
    RCC_GetSYSCLKSource                      0x08001911   Thumb Code    10  stm32f10x_rcc.o(.text)
    RCC_HCLKConfig                           0x0800191b   Thumb Code    18  stm32f10x_rcc.o(.text)
    RCC_PCLK1Config                          0x0800192d   Thumb Code    18  stm32f10x_rcc.o(.text)
    RCC_PCLK2Config                          0x0800193f   Thumb Code    20  stm32f10x_rcc.o(.text)
    RCC_ITConfig                             0x08001953   Thumb Code    26  stm32f10x_rcc.o(.text)
    RCC_USBCLKConfig                         0x0800196d   Thumb Code     8  stm32f10x_rcc.o(.text)
    RCC_ADCCLKConfig                         0x08001975   Thumb Code    18  stm32f10x_rcc.o(.text)
    RCC_LSEConfig                            0x08001987   Thumb Code    50  stm32f10x_rcc.o(.text)
    RCC_LSICmd                               0x080019b9   Thumb Code     6  stm32f10x_rcc.o(.text)
    RCC_RTCCLKConfig                         0x080019bf   Thumb Code    12  stm32f10x_rcc.o(.text)
    RCC_RTCCLKCmd                            0x080019cb   Thumb Code     8  stm32f10x_rcc.o(.text)
    RCC_GetClocksFreq                        0x080019d3   Thumb Code   192  stm32f10x_rcc.o(.text)
    RCC_AHBPeriphClockCmd                    0x08001a93   Thumb Code    26  stm32f10x_rcc.o(.text)
    RCC_APB2PeriphClockCmd                   0x08001aad   Thumb Code    26  stm32f10x_rcc.o(.text)
    RCC_APB1PeriphClockCmd                   0x08001ac7   Thumb Code    26  stm32f10x_rcc.o(.text)
    RCC_APB2PeriphResetCmd                   0x08001ae1   Thumb Code    26  stm32f10x_rcc.o(.text)
    RCC_APB1PeriphResetCmd                   0x08001afb   Thumb Code    26  stm32f10x_rcc.o(.text)
    RCC_BackupResetCmd                       0x08001b15   Thumb Code     8  stm32f10x_rcc.o(.text)
    RCC_ClockSecuritySystemCmd               0x08001b1d   Thumb Code     6  stm32f10x_rcc.o(.text)
    RCC_MCOConfig                            0x08001b23   Thumb Code     6  stm32f10x_rcc.o(.text)
    RCC_ClearFlag                            0x08001b29   Thumb Code    14  stm32f10x_rcc.o(.text)
    RCC_GetITStatus                          0x08001b37   Thumb Code    20  stm32f10x_rcc.o(.text)
    RCC_ClearITPendingBit                    0x08001b4b   Thumb Code     6  stm32f10x_rcc.o(.text)
    TIM_DeInit                               0x08001b75   Thumb Code   424  stm32f10x_tim.o(.text)
    TIM_TimeBaseInit                         0x08001d1d   Thumb Code   122  stm32f10x_tim.o(.text)
    TIM_OC1Init                              0x08001d97   Thumb Code   132  stm32f10x_tim.o(.text)
    TIM_OC2Init                              0x08001e1b   Thumb Code   154  stm32f10x_tim.o(.text)
    TIM_OC3Init                              0x08001eb5   Thumb Code   150  stm32f10x_tim.o(.text)
    TIM_OC4Init                              0x08001f4b   Thumb Code   182  stm32f10x_tim.o(.text)
    TIM_SetIC4Prescaler                      0x08002001   Thumb Code    26  stm32f10x_tim.o(.text)
    TIM_SetIC3Prescaler                      0x0800209d   Thumb Code    18  stm32f10x_tim.o(.text)
    TIM_SetIC2Prescaler                      0x08002129   Thumb Code    26  stm32f10x_tim.o(.text)
    TIM_SetIC1Prescaler                      0x080021c5   Thumb Code    18  stm32f10x_tim.o(.text)
    TIM_ICInit                               0x08002243   Thumb Code   150  stm32f10x_tim.o(.text)
    TIM_PWMIConfig                           0x080022d9   Thumb Code   124  stm32f10x_tim.o(.text)
    TIM_BDTRConfig                           0x08002355   Thumb Code    32  stm32f10x_tim.o(.text)
    TIM_TimeBaseStructInit                   0x08002375   Thumb Code    18  stm32f10x_tim.o(.text)
    TIM_OCStructInit                         0x08002387   Thumb Code    20  stm32f10x_tim.o(.text)
    TIM_ICStructInit                         0x0800239b   Thumb Code    18  stm32f10x_tim.o(.text)
    TIM_BDTRStructInit                       0x080023ad   Thumb Code    40  stm32f10x_tim.o(.text)
    TIM_Cmd                                  0x080023d5   Thumb Code    24  stm32f10x_tim.o(.text)
    TIM_CtrlPWMOutputs                       0x080023ed   Thumb Code    30  stm32f10x_tim.o(.text)
    TIM_ITConfig                             0x0800240b   Thumb Code    18  stm32f10x_tim.o(.text)
    TIM_GenerateEvent                        0x0800241d   Thumb Code     4  stm32f10x_tim.o(.text)
    TIM_DMAConfig                            0x08002421   Thumb Code    10  stm32f10x_tim.o(.text)
    TIM_DMACmd                               0x0800242b   Thumb Code    18  stm32f10x_tim.o(.text)
    TIM_InternalClockConfig                  0x0800243d   Thumb Code    12  stm32f10x_tim.o(.text)
    TIM_SelectInputTrigger                   0x08002449   Thumb Code    18  stm32f10x_tim.o(.text)
    TIM_ITRxExternalClockConfig              0x0800245b   Thumb Code    24  stm32f10x_tim.o(.text)
    TIM_TIxExternalClockConfig               0x08002473   Thumb Code    62  stm32f10x_tim.o(.text)
    TIM_ETRConfig                            0x080024b1   Thumb Code    28  stm32f10x_tim.o(.text)
    TIM_ETRClockMode1Config                  0x080024cd   Thumb Code    54  stm32f10x_tim.o(.text)
    TIM_ETRClockMode2Config                  0x08002503   Thumb Code    32  stm32f10x_tim.o(.text)
    TIM_PrescalerConfig                      0x08002523   Thumb Code     6  stm32f10x_tim.o(.text)
    TIM_CounterModeConfig                    0x08002529   Thumb Code    18  stm32f10x_tim.o(.text)
    TIM_EncoderInterfaceConfig               0x0800253b   Thumb Code    66  stm32f10x_tim.o(.text)
    TIM_ForcedOC1Config                      0x0800257d   Thumb Code    18  stm32f10x_tim.o(.text)
    TIM_ForcedOC2Config                      0x0800258f   Thumb Code    26  stm32f10x_tim.o(.text)
    TIM_ForcedOC3Config                      0x080025a9   Thumb Code    18  stm32f10x_tim.o(.text)
    TIM_ForcedOC4Config                      0x080025bb   Thumb Code    26  stm32f10x_tim.o(.text)
    TIM_ARRPreloadConfig                     0x080025d5   Thumb Code    24  stm32f10x_tim.o(.text)
    TIM_SelectCOM                            0x080025ed   Thumb Code    24  stm32f10x_tim.o(.text)
    TIM_SelectCCDMA                          0x08002605   Thumb Code    24  stm32f10x_tim.o(.text)
    TIM_CCPreloadControl                     0x0800261d   Thumb Code    24  stm32f10x_tim.o(.text)
    TIM_OC1PreloadConfig                     0x08002635   Thumb Code    18  stm32f10x_tim.o(.text)
    TIM_OC2PreloadConfig                     0x08002647   Thumb Code    26  stm32f10x_tim.o(.text)
    TIM_OC3PreloadConfig                     0x08002661   Thumb Code    18  stm32f10x_tim.o(.text)
    TIM_OC4PreloadConfig                     0x08002673   Thumb Code    26  stm32f10x_tim.o(.text)
    TIM_OC1FastConfig                        0x0800268d   Thumb Code    18  stm32f10x_tim.o(.text)
    TIM_OC2FastConfig                        0x0800269f   Thumb Code    26  stm32f10x_tim.o(.text)
    TIM_OC3FastConfig                        0x080026b9   Thumb Code    18  stm32f10x_tim.o(.text)
    TIM_OC4FastConfig                        0x080026cb   Thumb Code    26  stm32f10x_tim.o(.text)
    TIM_ClearOC1Ref                          0x080026e5   Thumb Code    18  stm32f10x_tim.o(.text)
    TIM_ClearOC2Ref                          0x080026f7   Thumb Code    24  stm32f10x_tim.o(.text)
    TIM_ClearOC3Ref                          0x0800270f   Thumb Code    18  stm32f10x_tim.o(.text)
    TIM_ClearOC4Ref                          0x08002721   Thumb Code    24  stm32f10x_tim.o(.text)
    TIM_OC1PolarityConfig                    0x08002739   Thumb Code    18  stm32f10x_tim.o(.text)
    TIM_OC1NPolarityConfig                   0x0800274b   Thumb Code    18  stm32f10x_tim.o(.text)
    TIM_OC2PolarityConfig                    0x0800275d   Thumb Code    26  stm32f10x_tim.o(.text)
    TIM_OC2NPolarityConfig                   0x08002777   Thumb Code    26  stm32f10x_tim.o(.text)
    TIM_OC3PolarityConfig                    0x08002791   Thumb Code    26  stm32f10x_tim.o(.text)
    TIM_OC3NPolarityConfig                   0x080027ab   Thumb Code    26  stm32f10x_tim.o(.text)
    TIM_OC4PolarityConfig                    0x080027c5   Thumb Code    26  stm32f10x_tim.o(.text)
    TIM_CCxCmd                               0x080027df   Thumb Code    30  stm32f10x_tim.o(.text)
    TIM_CCxNCmd                              0x080027fd   Thumb Code    30  stm32f10x_tim.o(.text)
    TIM_SelectOCxM                           0x0800281b   Thumb Code    82  stm32f10x_tim.o(.text)
    TIM_UpdateDisableConfig                  0x0800286d   Thumb Code    24  stm32f10x_tim.o(.text)
    TIM_UpdateRequestConfig                  0x08002885   Thumb Code    24  stm32f10x_tim.o(.text)
    TIM_SelectHallSensor                     0x0800289d   Thumb Code    24  stm32f10x_tim.o(.text)
    TIM_SelectOnePulseMode                   0x080028b5   Thumb Code    18  stm32f10x_tim.o(.text)
    TIM_SelectOutputTrigger                  0x080028c7   Thumb Code    18  stm32f10x_tim.o(.text)
    TIM_SelectSlaveMode                      0x080028d9   Thumb Code    18  stm32f10x_tim.o(.text)
    TIM_SelectMasterSlaveMode                0x080028eb   Thumb Code    18  stm32f10x_tim.o(.text)
    TIM_SetCounter                           0x080028fd   Thumb Code     4  stm32f10x_tim.o(.text)
    TIM_SetAutoreload                        0x08002901   Thumb Code     4  stm32f10x_tim.o(.text)
    TIM_SetCompare1                          0x08002905   Thumb Code     4  stm32f10x_tim.o(.text)
    TIM_SetCompare2                          0x08002909   Thumb Code     4  stm32f10x_tim.o(.text)
    TIM_SetCompare3                          0x0800290d   Thumb Code     4  stm32f10x_tim.o(.text)
    TIM_SetCompare4                          0x08002911   Thumb Code     6  stm32f10x_tim.o(.text)
    TIM_SetClockDivision                     0x08002917   Thumb Code    18  stm32f10x_tim.o(.text)
    TIM_GetCapture1                          0x08002929   Thumb Code     6  stm32f10x_tim.o(.text)
    TIM_GetCapture2                          0x0800292f   Thumb Code     6  stm32f10x_tim.o(.text)
    TIM_GetCapture3                          0x08002935   Thumb Code     6  stm32f10x_tim.o(.text)
    TIM_GetCapture4                          0x0800293b   Thumb Code     8  stm32f10x_tim.o(.text)
    TIM_GetCounter                           0x08002943   Thumb Code     6  stm32f10x_tim.o(.text)
    TIM_GetPrescaler                         0x08002949   Thumb Code     6  stm32f10x_tim.o(.text)
    TIM_GetFlagStatus                        0x0800294f   Thumb Code    18  stm32f10x_tim.o(.text)
    TIM_ClearFlag                            0x08002961   Thumb Code     6  stm32f10x_tim.o(.text)
    TIM_GetITStatus                          0x08002967   Thumb Code    34  stm32f10x_tim.o(.text)
    TIM_ClearITPendingBit                    0x08002989   Thumb Code     6  stm32f10x_tim.o(.text)
    USART_DeInit                             0x08002991   Thumb Code   134  stm32f10x_usart.o(.text)
    USART_Init                               0x08002a17   Thumb Code   210  stm32f10x_usart.o(.text)
    USART_StructInit                         0x08002ae9   Thumb Code    24  stm32f10x_usart.o(.text)
    USART_ClockInit                          0x08002b01   Thumb Code    34  stm32f10x_usart.o(.text)
    USART_ClockStructInit                    0x08002b23   Thumb Code    12  stm32f10x_usart.o(.text)
    USART_Cmd                                0x08002b2f   Thumb Code    24  stm32f10x_usart.o(.text)
    USART_ITConfig                           0x08002b47   Thumb Code    74  stm32f10x_usart.o(.text)
    USART_DMACmd                             0x08002b91   Thumb Code    18  stm32f10x_usart.o(.text)
    USART_SetAddress                         0x08002ba3   Thumb Code    18  stm32f10x_usart.o(.text)
    USART_WakeUpConfig                       0x08002bb5   Thumb Code    18  stm32f10x_usart.o(.text)
    USART_ReceiverWakeUpCmd                  0x08002bc7   Thumb Code    24  stm32f10x_usart.o(.text)
    USART_LINBreakDetectLengthConfig         0x08002bdf   Thumb Code    18  stm32f10x_usart.o(.text)
    USART_LINCmd                             0x08002bf1   Thumb Code    24  stm32f10x_usart.o(.text)
    USART_SendData                           0x08002c09   Thumb Code     8  stm32f10x_usart.o(.text)
    USART_ReceiveData                        0x08002c11   Thumb Code    10  stm32f10x_usart.o(.text)
    USART_SendBreak                          0x08002c1b   Thumb Code    10  stm32f10x_usart.o(.text)
    USART_SetGuardTime                       0x08002c25   Thumb Code    16  stm32f10x_usart.o(.text)
    USART_SetPrescaler                       0x08002c35   Thumb Code    16  stm32f10x_usart.o(.text)
    USART_SmartCardCmd                       0x08002c45   Thumb Code    24  stm32f10x_usart.o(.text)
    USART_SmartCardNACKCmd                   0x08002c5d   Thumb Code    24  stm32f10x_usart.o(.text)
    USART_HalfDuplexCmd                      0x08002c75   Thumb Code    24  stm32f10x_usart.o(.text)
    USART_OverSampling8Cmd                   0x08002c8d   Thumb Code    22  stm32f10x_usart.o(.text)
    USART_OneBitMethodCmd                    0x08002ca3   Thumb Code    24  stm32f10x_usart.o(.text)
    USART_IrDAConfig                         0x08002cbb   Thumb Code    18  stm32f10x_usart.o(.text)
    USART_IrDACmd                            0x08002ccd   Thumb Code    24  stm32f10x_usart.o(.text)
    USART_GetFlagStatus                      0x08002ce5   Thumb Code    26  stm32f10x_usart.o(.text)
    USART_ClearFlag                          0x08002cff   Thumb Code    18  stm32f10x_usart.o(.text)
    USART_GetITStatus                        0x08002d11   Thumb Code    84  stm32f10x_usart.o(.text)
    USART_ClearITPendingBit                  0x08002d65   Thumb Code    52  stm32f10x_usart.o(.text)
    fputc                                    0x08002d99   Thumb Code    32  main.o(.text)
    main                                     0x08002db9   Thumb Code   268  main.o(.text)
    SysTick_Handler                          0x08002ed9   Thumb Code     8  stm32f10x_it.o(.text)
    TIM1_BRK_IRQHandler                      0x08002ee1   Thumb Code    16  stm32f10x_it.o(.text)
    ADC1_Configuration                       0x08002ef9   Thumb Code   192  adc_int.o(.text)
    DMA_Configuration                        0x08002fb9   Thumb Code    84  adc_int.o(.text)
    Offset_CurrentReading                    0x0800300d   Thumb Code   132  adc_int.o(.text)
    ADC_Sample                               0x08003091   Thumb Code    86  adc_int.o(.text)
    Protection_software                      0x080030e7   Thumb Code    42  adc_int.o(.text)
    CAN_Config                               0x08003139   Thumb Code   228  can.o(.text)
    CAN_Receivechuli                         0x0800321d   Thumb Code    38  can.o(.text)
    CAN_Sendlen                              0x08003243   Thumb Code    82  can.o(.text)
    USB_LP_CAN1_RX0_IRQHandler               0x08003295   Thumb Code    56  can.o(.text)
    Delay                                    0x080032e1   Thumb Code    24  gpio_int.o(.text)
    GPIO_LED485RE_int                        0x080032f9   Thumb Code    38  gpio_int.o(.text)
    InitThreeHallGpio                        0x0800331f   Thumb Code    32  gpio_int.o(.text)
    InitCAN_Gpio                             0x0800333f   Thumb Code    60  gpio_int.o(.text)
    InitUSART3_Gpio                          0x0800337b   Thumb Code    60  gpio_int.o(.text)
    InitThree_BEF_Gpio                       0x080033b7   Thumb Code    58  gpio_int.o(.text)
    Init_Encoder_Gpio                        0x080033f1   Thumb Code    44  gpio_int.o(.text)
    Init_PWMDAC_Gpio                         0x0800341d   Thumb Code    46  gpio_int.o(.text)
    Init_Gpio_ADC                            0x0800344b   Thumb Code    44  gpio_int.o(.text)
    Init_Gpio_TIM1_PWM                       0x08003477   Thumb Code    90  gpio_int.o(.text)
    LED1_Toggle                              0x080034d1   Thumb Code    30  gpio_int.o(.text)
    IQSin_Cos_Cale                           0x08003501   Thumb Code   144  iq_math.o(.text)
    IQsat                                    0x08003591   Thumb Code    22  iq_math.o(.text)
    IQAtan_Cale                              0x080035a7   Thumb Code   282  iq_math.o(.text)
    IQSqrt                                   0x080036c1   Thumb Code    64  iq_math.o(.text)
    PI_Controller                            0x08003709   Thumb Code    70  pi_cale.o(.text)
    PI_Pare_init                             0x0800374f   Thumb Code    50  pi_cale.o(.text)
    knob_control                             0x08003789   Thumb Code   272  task_function.o(.text)
    ThreeHallPara_init                       0x080038a9   Thumb Code    26  threehall.o(.text)
    ThreeHall_huanxkz                        0x080038c3   Thumb Code   638  threehall.o(.text)
    TIM1_UP_IRQHandler                       0x08003b59   Thumb Code   316  tim1_isr_mcloop.o(.text)
    Tim1_PWM_Init                            0x08003cc9   Thumb Code   328  tim1_pwm.o(.text)
    Stop_Motor                               0x08003e11   Thumb Code    64  tim1_pwm.o(.text)
    MOS_Q41PWM                               0x08003e51   Thumb Code   104  tim1_pwm.o(.text)
    MOS_Q16PWM                               0x08003eb9   Thumb Code   104  tim1_pwm.o(.text)
    MOS_Q63PWM                               0x08003f21   Thumb Code   104  tim1_pwm.o(.text)
    MOS_Q32PWM                               0x08003f89   Thumb Code   104  tim1_pwm.o(.text)
    MOS_Q25PWM                               0x08003ff1   Thumb Code   104  tim1_pwm.o(.text)
    MOS_Q54PWM                               0x08004059   Thumb Code   104  tim1_pwm.o(.text)
    TIM4PWMDAC_Config                        0x080040c9   Thumb Code   198  tim4_encoder_pwmdac.o(.text)
    SysTickConfig                            0x080041b9   Thumb Code    74  timer.o(.text)
    RunSystimer                              0x08004203   Thumb Code   226  timer.o(.text)
    CLEAR_flag                               0x080042e5   Thumb Code   128  timer.o(.text)
    Usart3_RS232_init                        0x08004375   Thumb Code   108  usart_rs232.o(.text)
    Uart3_Sendlen                            0x080043e1   Thumb Code    46  usart_rs232.o(.text)
    Uart3_RS232TX_sen                        0x0800440f   Thumb Code   274  usart_rs232.o(.text)
    ReceiveData_chuli                        0x08004521   Thumb Code    42  usart_rs232.o(.text)
    tran_asci                                0x0800454b   Thumb Code   184  usart_rs232.o(.text)
    tran_dec                                 0x08004603   Thumb Code   202  usart_rs232.o(.text)
    USART3_IRQHandler                        0x080046cd   Thumb Code    38  usart_rs232.o(.text)
    __aeabi_i2f                              0x08004755   Thumb Code    18  fflti.o(.text)
    __aeabi_ui2f                             0x08004767   Thumb Code    10  ffltui.o(.text)
    __aeabi_f2d                              0x08004771   Thumb Code    38  f2d.o(.text)
    __aeabi_uidiv                            0x08004797   Thumb Code     0  uidiv.o(.text)
    __aeabi_uidivmod                         0x08004797   Thumb Code    44  uidiv.o(.text)
    __aeabi_uldivmod                         0x080047c3   Thumb Code    98  uldiv.o(.text)
    __I$use$fp                               0x08004825   Thumb Code     0  iusefp.o(.text)
    _float_round                             0x08004825   Thumb Code    18  fepilogue.o(.text)
    _float_epilogue                          0x08004837   Thumb Code    92  fepilogue.o(.text)
    __aeabi_dadd                             0x08004893   Thumb Code   322  dadd.o(.text)
    __aeabi_dsub                             0x080049d5   Thumb Code     6  dadd.o(.text)
    __aeabi_drsub                            0x080049db   Thumb Code     6  dadd.o(.text)
    __aeabi_dmul                             0x080049e1   Thumb Code   228  dmul.o(.text)
    __aeabi_ddiv                             0x08004ac5   Thumb Code   222  ddiv.o(.text)
    __aeabi_d2ulz                            0x08004ba3   Thumb Code    48  dfixul.o(.text)
    __aeabi_cdrcmple                         0x08004bd5   Thumb Code    48  cdrcmple.o(.text)
    __scatterload                            0x08004c05   Thumb Code    28  init.o(.text)
    __scatterload_rt2                        0x08004c05   Thumb Code     0  init.o(.text)
    __aeabi_llsl                             0x08004c29   Thumb Code    30  llshl.o(.text)
    _ll_shift_l                              0x08004c29   Thumb Code     0  llshl.o(.text)
    __aeabi_llsr                             0x08004c47   Thumb Code    32  llushr.o(.text)
    _ll_ushift_r                             0x08004c47   Thumb Code     0  llushr.o(.text)
    __aeabi_lasr                             0x08004c67   Thumb Code    36  llsshr.o(.text)
    _ll_sshift_r                             0x08004c67   Thumb Code     0  llsshr.o(.text)
    _double_round                            0x08004c8b   Thumb Code    30  depilogue.o(.text)
    _double_epilogue                         0x08004ca9   Thumb Code   156  depilogue.o(.text)
    __0printf                                0x08004d45   Thumb Code    22  printfa.o(i.__0printf)
    __1printf                                0x08004d45   Thumb Code     0  printfa.o(i.__0printf)
    __2printf                                0x08004d45   Thumb Code     0  printfa.o(i.__0printf)
    __c89printf                              0x08004d45   Thumb Code     0  printfa.o(i.__0printf)
    printf                                   0x08004d45   Thumb Code     0  printfa.o(i.__0printf)
    __scatterload_copy                       0x08004d65   Thumb Code    14  handlers.o(i.__scatterload_copy)
    __scatterload_null                       0x08004d73   Thumb Code     2  handlers.o(i.__scatterload_null)
    __scatterload_zeroinit                   0x08004d75   Thumb Code    14  handlers.o(i.__scatterload_zeroinit)
    IQSin_Cos_Table                          0x08005638   Data         512  iq_math.o(.constdata)
    IQAtan2_Table                            0x08005838   Data        1024  iq_math.o(.constdata)
    Region$$Table$$Base                      0x08005c38   Number         0  anon$$obj.o(Region$$Table)
    Region$$Table$$Limit                     0x08005c58   Number         0  anon$$obj.o(Region$$Table)
    SystemCoreClock                          0x20000000   Data           4  system_stm32f10x.o(.data)
    AHBPrescTable                            0x20000004   Data          16  system_stm32f10x.o(.data)
    t                                        0x20000028   Data           2  main.o(.data)
    len                                      0x2000002a   Data           2  main.o(.data)
    numdec                                   0x2000002c   Data           4  main.o(.data)
    syst                                     0x20000030   Data           4  main.o(.data)
    pi_spd                                   0x20000034   Data          48  main.o(.data)
    pi_ICurr                                 0x20000064   Data          48  main.o(.data)
    ADCSampPare                              0x20000094   Data          44  main.o(.data)
    Hall_Three                               0x200000c0   Data          40  main.o(.data)
    CANSRPare                                0x200000e8   Data          28  main.o(.data)
    USART_RX_STA                             0x20000104   Data           2  main.o(.data)
    spdcmd                                   0x20000106   Data           2  main.o(.data)
    Res                                      0x20000108   Data           1  main.o(.data)
    BUS_CurrProtection                       0x2000010a   Data           2  adc_int.o(.data)
    HallK1                                   0x2000010e   Data           2  threehall.o(.data)
    HallK2                                   0x20000110   Data           2  threehall.o(.data)
    FilK1                                    0x20000112   Data           2  tim1_isr_mcloop.o(.data)
    FilK2                                    0x20000114   Data           2  tim1_isr_mcloop.o(.data)
    DUTY                                     0x20000116   Data           2  tim1_pwm.o(.data)
    ch                                       0x20000118   Data           1  usart_rs232.o(.data)
    Tag                                      0x20000120   Data           4  usart_rs232.o(.data)
    __stdout                                 0x20000124   Data           4  stdout.o(.data)
    TestPare                                 0x20000128   Data          40  main.o(.bss)
    TaskTimePare                             0x20000150   Data          26  main.o(.bss)
    logicContr                               0x2000016a   Data          10  main.o(.bss)
    ADC_ConvertedValue                       0x20000174   Data          10  adc_int.o(.bss)
    TxMessage                                0x20000300   Data          20  can.o(.bss)
    RxMessage                                0x20000314   Data          20  can.o(.bss)
    __initial_sp                             0x20000728   Data           0  startup_stm32f10x_md.o(STACK)



==============================================================================

Memory Map of the image

  Image Entry point : 0x080000ed

  Load Region LR_IROM1 (Base: 0x08000000, Size: 0x00005d80, Max: 0x00010000, ABSOLUTE)

    Execution Region ER_IROM1 (Base: 0x08000000, Size: 0x00005c58, Max: 0x00010000, ABSOLUTE)

    Base Addr    Size         Type   Attr      Idx    E Section Name        Object

    0x08000000   0x000000ec   Data   RO           83    RESET               startup_stm32f10x_md.o
    0x080000ec   0x00000000   Code   RO          684  * .ARM.Collect$$$$00000000  mc_w.l(entry.o)
    0x080000ec   0x00000004   Code   RO          954    .ARM.Collect$$$$00000001  mc_w.l(entry2.o)
    0x080000f0   0x00000004   Code   RO          957    .ARM.Collect$$$$00000004  mc_w.l(entry5.o)
    0x080000f4   0x00000000   Code   RO          959    .ARM.Collect$$$$00000008  mc_w.l(entry7b.o)
    0x080000f4   0x00000000   Code   RO          961    .ARM.Collect$$$$0000000A  mc_w.l(entry8b.o)
    0x080000f4   0x00000008   Code   RO          962    .ARM.Collect$$$$0000000B  mc_w.l(entry9a.o)
    0x080000fc   0x00000000   Code   RO          964    .ARM.Collect$$$$0000000D  mc_w.l(entry10a.o)
    0x080000fc   0x00000000   Code   RO          966    .ARM.Collect$$$$0000000F  mc_w.l(entry11a.o)
    0x080000fc   0x00000004   Code   RO          955    .ARM.Collect$$$$00002712  mc_w.l(entry2.o)
    0x08000100   0x000001e0   Code   RO           17    .text               system_stm32f10x.o
    0x080002e0   0x00000024   Code   RO           84    .text               startup_stm32f10x_md.o
    0x08000304   0x000000dc   Code   RO           88    .text               misc.o
    0x080003e0   0x0000044e   Code   RO          117    .text               stm32f10x_adc.o
    0x0800082e   0x00000002   PAD
    0x08000830   0x000009f0   Code   RO          144    .text               stm32f10x_can.o
    0x08001220   0x00000254   Code   RO          213    .text               stm32f10x_dma.o
    0x08001474   0x0000035c   Code   RO          270    .text               stm32f10x_gpio.o
    0x080017d0   0x000003a4   Code   RO          324    .text               stm32f10x_rcc.o
    0x08001b74   0x00000e1a   Code   RO          383    .text               stm32f10x_tim.o
    0x0800298e   0x00000002   PAD
    0x08002990   0x00000408   Code   RO          395    .text               stm32f10x_usart.o
    0x08002d98   0x00000140   Code   RO          419    .text               main.o
    0x08002ed8   0x00000020   Code   RO          478    .text               stm32f10x_it.o
    0x08002ef8   0x00000240   Code   RO          494    .text               adc_int.o
    0x08003138   0x000001a8   Code   RO          511    .text               can.o
    0x080032e0   0x00000220   Code   RO          530    .text               gpio_int.o
    0x08003500   0x00000208   Code   RO          542    .text               iq_math.o
    0x08003708   0x00000080   Code   RO          557    .text               pi_cale.o
    0x08003788   0x00000120   Code   RO          570    .text               task_function.o
    0x080038a8   0x000002b0   Code   RO          583    .text               threehall.o
    0x08003b58   0x00000170   Code   RO          599    .text               tim1_isr_mcloop.o
    0x08003cc8   0x00000400   Code   RO          618    .text               tim1_pwm.o
    0x080040c8   0x000000d0   Code   RO          633    .text               tim4_encoder_pwmdac.o
    0x08004198   0x000001dc   Code   RO          645    .text               timer.o
    0x08004374   0x000003e0   Code   RO          662    .text               usart_rs232.o
    0x08004754   0x00000012   Code   RO          948    .text               mf_w.l(fflti.o)
    0x08004766   0x0000000a   Code   RO          950    .text               mf_w.l(ffltui.o)
    0x08004770   0x00000026   Code   RO          952    .text               mf_w.l(f2d.o)
    0x08004796   0x0000002c   Code   RO          969    .text               mc_w.l(uidiv.o)
    0x080047c2   0x00000062   Code   RO          971    .text               mc_w.l(uldiv.o)
    0x08004824   0x00000000   Code   RO          973    .text               mc_w.l(iusefp.o)
    0x08004824   0x0000006e   Code   RO          974    .text               mf_w.l(fepilogue.o)
    0x08004892   0x0000014e   Code   RO          976    .text               mf_w.l(dadd.o)
    0x080049e0   0x000000e4   Code   RO          978    .text               mf_w.l(dmul.o)
    0x08004ac4   0x000000de   Code   RO          980    .text               mf_w.l(ddiv.o)
    0x08004ba2   0x00000030   Code   RO          982    .text               mf_w.l(dfixul.o)
    0x08004bd2   0x00000002   PAD
    0x08004bd4   0x00000030   Code   RO          984    .text               mf_w.l(cdrcmple.o)
    0x08004c04   0x00000024   Code   RO          986    .text               mc_w.l(init.o)
    0x08004c28   0x0000001e   Code   RO          988    .text               mc_w.l(llshl.o)
    0x08004c46   0x00000020   Code   RO          990    .text               mc_w.l(llushr.o)
    0x08004c66   0x00000024   Code   RO          992    .text               mc_w.l(llsshr.o)
    0x08004c8a   0x000000ba   Code   RO          994    .text               mf_w.l(depilogue.o)
    0x08004d44   0x00000020   Code   RO          920    i.__0printf         mc_w.l(printfa.o)
    0x08004d64   0x0000000e   Code   RO          998    i.__scatterload_copy  mc_w.l(handlers.o)
    0x08004d72   0x00000002   Code   RO          999    i.__scatterload_null  mc_w.l(handlers.o)
    0x08004d74   0x0000000e   Code   RO         1000    i.__scatterload_zeroinit  mc_w.l(handlers.o)
    0x08004d82   0x00000002   PAD
    0x08004d84   0x00000184   Code   RO          927    i._fp_digits        mc_w.l(printfa.o)
    0x08004f08   0x000006dc   Code   RO          928    i._printf_core      mc_w.l(printfa.o)
    0x080055e4   0x00000024   Code   RO          929    i._printf_post_padding  mc_w.l(printfa.o)
    0x08005608   0x0000002e   Code   RO          930    i._printf_pre_padding  mc_w.l(printfa.o)
    0x08005636   0x00000002   PAD
    0x08005638   0x00000600   Data   RO          543    .constdata          iq_math.o
    0x08005c38   0x00000020   Data   RO          996    Region$$Table       anon$$obj.o


    Execution Region RW_IRAM1 (Base: 0x20000000, Size: 0x00000728, Max: 0x00005000, ABSOLUTE)

    Base Addr    Size         Type   Attr      Idx    E Section Name        Object

    0x20000000   0x00000014   Data   RW           18    .data               system_stm32f10x.o
    0x20000014   0x00000014   Data   RW          325    .data               stm32f10x_rcc.o
    0x20000028   0x000000e1   Data   RW          421    .data               main.o
    0x20000109   0x00000001   PAD
    0x2000010a   0x00000003   Data   RW          496    .data               adc_int.o
    0x2000010d   0x00000001   PAD
    0x2000010e   0x00000004   Data   RW          584    .data               threehall.o
    0x20000112   0x00000004   Data   RW          600    .data               tim1_isr_mcloop.o
    0x20000116   0x00000002   Data   RW          619    .data               tim1_pwm.o
    0x20000118   0x0000000c   Data   RW          663    .data               usart_rs232.o
    0x20000124   0x00000004   Data   RW          968    .data               mc_w.l(stdout.o)
    0x20000128   0x0000004c   Zero   RW          420    .bss                main.o
    0x20000174   0x0000018a   Zero   RW          495    .bss                adc_int.o
    0x200002fe   0x00000002   PAD
    0x20000300   0x00000028   Zero   RW          512    .bss                can.o
    0x20000328   0x00000400   Zero   RW           81    STACK               startup_stm32f10x_md.o


==============================================================================

Image component sizes


      Code (inc. data)   RO Data    RW Data    ZI Data      Debug   Object Name

       576         40          0          3        394       2457   adc_int.o
       424         20          0          0         40       1607   can.o
         0          0          0          0          0       4540   core_cm3.o
       544         18          0          0          0       2308   gpio_int.o
       520          8       1536          0          0       2138   iq_math.o
       320         20          0        225         76       8598   main.o
       220         22          0          0          0     214125   misc.o
       128          8          0          0          0        705   pi_cale.o
        36          8        236          0       1024        816   startup_stm32f10x_md.o
      1102         26          0          0          0      10981   stm32f10x_adc.o
      2544         38          0          0          0      16208   stm32f10x_can.o
       596          8          0          0          0       4306   stm32f10x_dma.o
       860         38          0          0          0       5677   stm32f10x_gpio.o
        32          8          0          0          0        602   stm32f10x_it.o
       932         36          0         20          0       8848   stm32f10x_rcc.o
      3610         88          0          0          0      22784   stm32f10x_tim.o
      1032         22          0          0          0       8400   stm32f10x_usart.o
       480         38          0         20          0      55031   system_stm32f10x.o
       288         16          0          0          0        643   task_function.o
       688         40          0          4          0       1335   threehall.o
       368         52          0          4          0        903   tim1_isr_mcloop.o
      1024          8          0          2          0       2100   tim1_pwm.o
       208         10          0          0          0        676   tim4_encoder_pwmdac.o
       476         16          0          0          0      16286   timer.o
       992        124          0         12          0       3185   usart_rs232.o

    ----------------------------------------------------------------------
     18004        712       1804        292       1536     395259   Object Totals
         0          0         32          0          0          0   (incl. Generated)
         4          0          0          2          2          0   (incl. Padding)

    ----------------------------------------------------------------------

      Code (inc. data)   RO Data    RW Data    ZI Data      Debug   Library Member Name

         0          0          0          0          0          0   entry.o
         0          0          0          0          0          0   entry10a.o
         0          0          0          0          0          0   entry11a.o
         8          4          0          0          0          0   entry2.o
         4          0          0          0          0          0   entry5.o
         0          0          0          0          0          0   entry7b.o
         0          0          0          0          0          0   entry8b.o
         8          4          0          0          0          0   entry9a.o
        30          0          0          0          0          0   handlers.o
        36          8          0          0          0         68   init.o
         0          0          0          0          0          0   iusefp.o
        30          0          0          0          0         68   llshl.o
        36          0          0          0          0         68   llsshr.o
        32          0          0          0          0         68   llushr.o
      2258         90          0          0          0        452   printfa.o
         0          0          0          4          0          0   stdout.o
        44          0          0          0          0         80   uidiv.o
        98          0          0          0          0         92   uldiv.o
        48          0          0          0          0         68   cdrcmple.o
       334          0          0          0          0        148   dadd.o
       222          0          0          0          0        100   ddiv.o
       186          0          0          0          0        176   depilogue.o
        48          0          0          0          0         68   dfixul.o
       228          0          0          0          0         96   dmul.o
        38          0          0          0          0         68   f2d.o
       110          0          0          0          0        168   fepilogue.o
        18          0          0          0          0         68   fflti.o
        10          0          0          0          0         68   ffltui.o

    ----------------------------------------------------------------------
      3832        106          0          4          0       1924   Library Totals
         6          0          0          0          0          0   (incl. Padding)

    ----------------------------------------------------------------------

      Code (inc. data)   RO Data    RW Data    ZI Data      Debug   Library Name

      2584        106          0          4          0        896   mc_w.l
      1242          0          0          0          0       1028   mf_w.l

    ----------------------------------------------------------------------
      3832        106          0          4          0       1924   Library Totals

    ----------------------------------------------------------------------

==============================================================================


      Code (inc. data)   RO Data    RW Data    ZI Data      Debug   

     21836        818       1804        296       1536     394007   Grand Totals
     21836        818       1804        296       1536     394007   ELF Image Totals
     21836        818       1804        296          0          0   ROM Totals

==============================================================================

    Total RO  Size (Code + RO Data)                23640 (  23.09kB)
    Total RW  Size (RW Data + ZI Data)              1832 (   1.79kB)
    Total ROM Size (Code + RO Data + RW Data)      23936 (  23.38kB)

==============================================================================

