<html>
<body>
<pre>
<h1>µVision Build Log</h1>
<h2>Tool Versions:</h2>
IDE-Version: £gVision V5.14.2
Copyright (C) 2015 ARM Ltd and ARM Germany GmbH. All rights reserved.
License Information: YH YH, YH, LIC=GMZI6-DIZWL-CXYU6-DHB9I-R77GQ-GNR08
 
Tool Versions:
Toolchain:       MDK-ARM Standard  Version: 5.25.2.0
Toolchain Path:  D:\Keil_v5\ARM\ARMCC\Bin
C Compiler:      Armcc.exe V5.06 update 6 (build 750)
Assembler:       Armasm.exe V5.06 update 6 (build 750)
Linker/Locator:  ArmLink.exe V5.06 update 6 (build 750)
Library Manager: ArmAr.exe V5.06 update 6 (build 750)
Hex Converter:   FromElf.exe V5.06 update 6 (build 750)
CPU DLL:         SARMCM3.DLL V5.25.2.0
Dialog DLL:      DARMSTM.DLL V1.68.0.0
Target DLL:      Segger\JL2CM3.dll V2.99.29.0
Dialog DLL:      TARMSTM.DLL V1.66.0.0
 
<h2>Project:</h2>
d:\prog\STM32\STM32\stm32\STM32prog\BLDC_PWM_Hall_vscode\Project\STM32_BLDC_Halll_V17_3.uvprojx
Project File Date:  10/31/2024

<h2>Output:</h2>
*** Using Compiler 'V5.06 update 6 (build 750)', folder: 'D:\Keil_v5\ARM\ARMCC\Bin'
Build target 'STM32_BLDC_Hall_V17_3'
compiling main.c...
compiling stm32f10x_it.c...
compiling ADC_int.c...
compiling CAN.c...
compiling GPIO_int.c...
compiling PI_Cale.c...
compiling Task_function.c...
compiling ThreeHall.c...
compiling Tim1_ISR_MCLoop.c...
compiling Tim1_PWM.c...
compiling Tim4_Encoder_PWMDAC.c...
compiling Timer.c...
compiling Usart_RS232.c...
User_program\Usart_RS232.c(92): warning:  #550-D: variable "ccw"  was set but never used
        int ccw;
User_program\Usart_RS232.c: 1 warning, 0 errors
linking...
Program Size: Code=21836 RO-data=1804 RW-data=296 ZI-data=1536  
FromELF: creating hex file...
".\Output\STM32_BLDC_Hall.elf" - 0 Error(s), 1 Warning(s).

<h2>Collection of Component include folders:</h2>
  d:\prog\STM32\STM32\stm32\STM32prog\BLDC_PWM_Hall_vscode\Project\RTE
  D:\Keil_v5\ARM\PACK\Keil\STM32F1xx_DFP\2.3.0\Device\Include

<h2>Collection of Component Files used:</h2>
</pre>
</body>
</html>
